[1/360] osm uniform k=64 GTV rounds=2 best=11.6704 err=False 64s
[2/360] osm uniform k=0 GTV rounds=2 best=8.2190 err=False 80s
[3/360] osm uniform k=1 TGV rounds=2 best=8.9304 err=False 80s
[4/360] osm uniform k=4 GTV rounds=2 best=10.0921 err=False 81s
[5/360] osm uniform k=16 GTV rounds=2 best=11.5578 err=False 83s
[6/360] planet uniform k=0 GTV rounds=3 best=2.8352 err=False 8s
[7/360] planet uniform k=1 GTV rounds=3 best=3.8291 err=False 7s
[8/360] planet uniform k=0 GTV_nostop rounds=6 best=2.8352 err=False 15s
[9/360] planet uniform k=1 TGV rounds=3 best=3.8680 err=False 7s
[10/360] planet uniform k=1 GTV_nostop rounds=6 best=3.8291 err=False 15s
[11/360] planet uniform k=4 GTV rounds=3 best=5.8199 err=False 6s
[12/360] osm uniform k=1 GTV rounds=3 best=8.9877 err=False 119s
[13/360] planet uniform k=1 TGV_nostop rounds=6 best=3.8680 err=False 14s
[14/360] osm uniform k=16 TGV rounds=3 best=11.2149 err=False 119s
[15/360] planet uniform k=16 GTV rounds=2 best=7.7799 err=False 5s
[16/360] planet uniform k=4 TGV rounds=2 best=5.9273 err=False 5s
[17/360] planet uniform k=4 GTV_nostop rounds=6 best=5.8199 err=False 11s
[18/360] planet uniform k=16 TGV rounds=3 best=7.8270 err=False 8s
[19/360] planet uniform k=4 TGV_nostop rounds=6 best=5.9273 err=False 15s
[20/360] osm uniform k=64 TGV rounds=2 best=11.7779 err=False 55s
[21/360] planet uniform k=16 GTV_nostop rounds=6 best=7.7257 err=False 13s
[22/360] planet uniform k=64 TGV rounds=2 best=9.8465 err=False 6s
[23/360] planet uniform k=64 GTV rounds=4 best=9.6704 err=False 9s
[24/360] books uniform k=0 GTV rounds=4 best=2.3490 err=False 1s
[25/360] books uniform k=0 GTV_nostop rounds=6 best=2.3490 err=False 2s
[26/360] books uniform k=1 GTV rounds=4 best=3.3756 err=False 1s
[27/360] books uniform k=1 TGV rounds=2 best=3.4135 err=False 1s
[28/360] books uniform k=1 GTV_nostop rounds=6 best=3.3756 err=False 2s
[29/360] books uniform k=4 GTV rounds=3 best=5.3644 err=False 1s
[30/360] planet uniform k=16 TGV_nostop rounds=6 best=7.8270 err=False 18s
[31/360] books uniform k=1 TGV_nostop rounds=6 best=3.4135 err=False 3s
[32/360] books uniform k=4 GTV_nostop rounds=6 best=5.3286 err=False 2s
[33/360] planet uniform k=64 GTV_nostop rounds=6 best=10.0850 err=False 14s
[34/360] books uniform k=16 GTV rounds=4 best=7.2702 err=False 1s
[35/360] books uniform k=4 TGV rounds=4 best=5.3992 err=False 3s
[36/360] books uniform k=16 GTV_nostop rounds=6 best=7.2702 err=False 2s
[37/360] books uniform k=4 TGV_nostop rounds=6 best=5.3992 err=False 4s
[38/360] books uniform k=16 TGV rounds=3 best=7.3941 err=False 3s
[39/360] books uniform k=64 GTV rounds=5 best=9.3531 err=False 4s
[40/360] planet uniform k=64 TGV_nostop rounds=6 best=9.8332 err=False 17s
[41/360] books uniform k=64 TGV rounds=3 best=9.4299 err=False 2s
[42/360] books window k=0 GTV rounds=3 best=2.2958 err=False 0s
[43/360] books uniform k=16 TGV_nostop rounds=6 best=7.4043 err=False 5s
[44/360] books window k=0 GTV_nostop rounds=6 best=2.2958 err=False 1s
[45/360] books window k=1 GTV rounds=3 best=3.2866 err=False 0s
[46/360] books window k=1 TGV rounds=3 best=3.2866 err=False 0s
[47/360] books uniform k=64 GTV_nostop rounds=6 best=9.3460 err=False 4s
[48/360] books window k=4 GTV rounds=2 best=5.2569 err=False 0s
[49/360] books window k=1 TGV_nostop rounds=6 best=3.2866 err=False 0s
[50/360] books window k=1 GTV_nostop rounds=6 best=3.2866 err=False 1s
[51/360] books window k=4 TGV rounds=2 best=5.2579 err=False 0s
[52/360] books window k=16 GTV rounds=2 best=7.2702 err=False 0s
[53/360] books window k=4 TGV_nostop rounds=6 best=5.2579 err=False 1s
[54/360] books window k=16 TGV rounds=4 best=7.2641 err=False 1s
[55/360] books window k=4 GTV_nostop rounds=6 best=5.2569 err=False 1s
[56/360] books window k=16 GTV_nostop rounds=6 best=7.2579 err=False 1s
[57/360] books window k=64 GTV rounds=2 best=9.2487 err=False 0s
[58/360] books window k=64 TGV rounds=3 best=9.2436 err=False 0s
[59/360] books window k=16 TGV_nostop rounds=6 best=7.2641 err=False 1s
[60/360] books window k=64 GTV_nostop rounds=6 best=9.2487 err=False 1s
[61/360] fb uniform k=0 GTV rounds=3 best=2.2221 err=False 1s
[62/360] books window k=64 TGV_nostop rounds=6 best=9.2436 err=False 1s
[63/360] fb uniform k=0 GTV_nostop rounds=6 best=2.2221 err=False 1s
[64/360] fb uniform k=1 GTV rounds=3 best=3.2477 err=False 1s
[65/360] fb uniform k=1 TGV rounds=3 best=3.2477 err=False 1s
[66/360] fb uniform k=1 GTV_nostop rounds=6 best=3.2477 err=False 1s
[67/360] fb uniform k=4 GTV rounds=3 best=5.2682 err=False 0s
[68/360] fb uniform k=1 TGV_nostop rounds=6 best=3.2477 err=False 1s
[69/360] fb uniform k=4 TGV rounds=3 best=5.2682 err=False 0s
[70/360] fb uniform k=16 GTV rounds=3 best=7.2487 err=False 0s
[71/360] fb uniform k=4 GTV_nostop rounds=6 best=5.2682 err=False 1s
[72/360] fb uniform k=16 TGV rounds=3 best=7.2528 err=False 0s
[73/360] fb uniform k=4 TGV_nostop rounds=6 best=5.2682 err=False 1s
[74/360] fb uniform k=16 GTV_nostop rounds=6 best=7.2528 err=False 1s
[75/360] fb uniform k=64 GTV rounds=2 best=9.2016 err=False 0s
[76/360] fb uniform k=64 TGV rounds=2 best=9.2016 err=False 0s
[77/360] fb uniform k=16 TGV_nostop rounds=6 best=7.2528 err=False 1s
[78/360] fb uniform k=64 GTV_nostop rounds=6 best=9.2385 err=False 1s
[79/360] books uniform k=64 TGV_nostop rounds=6 best=9.4381 err=False 5s
[80/360] fb uniform k=64 TGV_nostop rounds=6 best=9.2385 err=False 1s
[81/360] fb window k=0 GTV rounds=2 best=2.4125 err=False 1s
[82/360] fb window k=1 GTV rounds=2 best=3.4770 err=False 1s
[83/360] fb window k=0 GTV_nostop rounds=6 best=2.4125 err=False 1s
[84/360] fb window k=4 GTV rounds=3 best=5.4964 err=False 1s
[85/360] osm uniform k=4 TGV rounds=4 best=10.2221 err=False 161s
[86/360] fb window k=1 TGV rounds=4 best=3.3910 err=False 1s
[87/360] fb window k=1 GTV_nostop rounds=6 best=3.4800 err=False 2s
[88/360] fb window k=16 GTV rounds=2 best=7.4115 err=False 0s
[89/360] fb window k=1 TGV_nostop rounds=6 best=3.3910 err=False 2s
[90/360] fb window k=16 TGV rounds=2 best=7.4862 err=False 0s
[91/360] fb window k=4 GTV_nostop rounds=6 best=5.4964 err=False 1s
[92/360] fb window k=4 TGV rounds=5 best=5.3797 err=False 1s
[93/360] fb window k=64 GTV rounds=2 best=9.3971 err=False 0s
[94/360] fb window k=16 GTV_nostop rounds=6 best=7.4422 err=False 1s
[95/360] fb window k=64 TGV rounds=2 best=9.3654 err=False 0s
[96/360] fb window k=16 TGV_nostop rounds=6 best=7.4841 err=False 1s
[97/360] fb window k=4 TGV_nostop rounds=6 best=5.3797 err=False 2s
[98/360] fb window k=64 GTV_nostop rounds=6 best=9.3971 err=False 1s
[99/360] fb window k=64 TGV_nostop rounds=6 best=9.3664 err=False 1s
[100/360] osm window k=1 GTV rounds=4 best=4.4923 err=False 38s
[101/360] osm window k=0 GTV rounds=4 best=3.5118 err=False 40s
[102/360] osm window k=1 TGV rounds=4 best=4.4585 err=False 39s
[103/360] osm window k=1 GTV_nostop rounds=6 best=4.4923 err=False 57s
[104/360] osm window k=4 GTV rounds=2 best=6.4555 err=False 20s
[105/360] osm window k=0 GTV_nostop rounds=6 best=3.5118 err=False 60s
[106/360] osm window k=1 TGV_nostop rounds=6 best=4.4585 err=False 60s
[107/360] osm window k=4 TGV rounds=3 best=6.4995 err=False 30s
[108/360] osm window k=16 GTV rounds=2 best=8.4903 err=False 15s
[109/360] osm window k=16 TGV rounds=2 best=8.3531 err=False 17s
[110/360] osm window k=64 GTV rounds=2 best=10.1638 err=False 6s
[111/360] osm uniform k=0 GTV_nostop rounds=6 best=8.2252 err=False 244s
[112/360] osm uniform k=1 GTV_nostop rounds=6 best=8.9529 err=False 245s
[113/360] covid uniform k=0 GTV rounds=2 best=2.4156 err=False 1s
[114/360] osm uniform k=1 TGV_nostop rounds=6 best=8.9386 err=False 247s
[115/360] osm uniform k=16 TGV_nostop rounds=6 best=11.2149 err=False 248s
[116/360] osm uniform k=4 GTV_nostop rounds=6 best=10.0921 err=False 248s
[117/360] covid uniform k=1 GTV rounds=4 best=3.4115 err=False 2s
[118/360] covid uniform k=0 GTV_nostop rounds=6 best=2.4156 err=False 3s
[119/360] covid uniform k=1 TGV rounds=3 best=3.3736 err=False 2s
[120/360] osm uniform k=4 TGV_nostop rounds=6 best=10.2221 err=False 250s
[121/360] covid uniform k=4 GTV rounds=3 best=5.3654 err=False 1s
[122/360] covid uniform k=1 GTV_nostop rounds=6 best=3.4115 err=False 3s
[123/360] covid uniform k=4 TGV rounds=3 best=5.4330 err=False 1s
[124/360] covid uniform k=1 TGV_nostop rounds=6 best=3.3736 err=False 3s
[125/360] covid uniform k=16 GTV rounds=2 best=7.4227 err=False 1s
[126/360] covid uniform k=4 GTV_nostop rounds=6 best=5.3654 err=False 2s
[127/360] covid uniform k=16 TGV rounds=2 best=7.3767 err=False 1s
[128/360] covid uniform k=4 TGV_nostop rounds=6 best=5.4330 err=False 2s
[129/360] covid uniform k=64 TGV rounds=2 best=9.3808 err=False 0s
[130/360] covid uniform k=16 GTV_nostop rounds=6 best=7.4371 err=False 2s
[131/360] covid uniform k=64 GTV rounds=5 best=9.3265 err=False 1s
[132/360] covid uniform k=64 GTV_nostop rounds=6 best=9.3265 err=False 2s
[133/360] covid uniform k=16 TGV_nostop rounds=6 best=7.3777 err=False 2s
[134/360] osm window k=64 TGV rounds=2 best=10.0358 err=False 12s
[135/360] covid uniform k=64 TGV_nostop rounds=6 best=9.3173 err=False 2s
[136/360] osm uniform k=16 GTV_nostop rounds=6 best=11.5507 err=False 255s
[137/360] covid window k=0 GTV rounds=3 best=2.4156 err=False 2s
[138/360] covid window k=1 GTV rounds=2 best=3.3992 err=False 1s
[139/360] covid window k=1 TGV rounds=2 best=3.3992 err=False 1s
[140/360] covid window k=4 GTV rounds=2 best=5.4186 err=False 1s
[141/360] covid window k=4 TGV rounds=3 best=5.4053 err=False 2s
[142/360] covid window k=0 GTV_nostop rounds=6 best=2.4156 err=False 3s
[143/360] covid window k=16 GTV rounds=2 best=7.4616 err=False 1s
[144/360] covid window k=1 GTV_nostop rounds=6 best=3.3992 err=False 4s
[145/360] covid window k=16 TGV rounds=2 best=7.4688 err=False 1s
[146/360] osm window k=64 GTV_nostop rounds=6 best=10.0819 err=False 17s
[147/360] covid window k=64 GTV rounds=2 best=9.4555 err=False 1s
[148/360] covid window k=1 TGV_nostop rounds=6 best=3.3992 err=False 3s
[149/360] covid window k=4 GTV_nostop rounds=6 best=5.4258 err=False 3s
[150/360] covid window k=4 TGV_nostop rounds=6 best=5.4053 err=False 3s
[151/360] osm uniform k=64 GTV_nostop rounds=6 best=11.6704 err=False 194s
[152/360] covid window k=64 TGV rounds=2 best=9.4565 err=False 1s
[153/360] covid window k=16 GTV_nostop rounds=6 best=7.4104 err=False 3s
[154/360] covid window k=64 GTV_nostop rounds=6 best=9.3736 err=False 2s
[155/360] covid window k=16 TGV_nostop rounds=6 best=7.4688 err=False 3s
[156/360] covid window k=64 TGV_nostop rounds=6 best=9.4678 err=False 2s
[157/360] osm window k=4 GTV_nostop rounds=6 best=6.5026 err=False 58s
[158/360] genome uniform k=1 GTV rounds=2 best=3.9386 err=False 6s
[159/360] genome uniform k=1 TGV rounds=2 best=3.9386 err=False 6s
[160/360] genome uniform k=0 GTV rounds=2 best=2.7738 err=False 7s
[161/360] genome uniform k=4 GTV rounds=2 best=5.7687 err=False 7s
[162/360] osm window k=16 GTV_nostop rounds=6 best=8.4729 err=False 45s
[163/360] genome uniform k=16 GTV rounds=2 best=7.8782 err=False 7s
[164/360] genome uniform k=4 TGV rounds=3 best=5.7646 err=False 12s
[165/360] genome uniform k=16 TGV rounds=2 best=7.8782 err=False 8s
[166/360] osm uniform k=64 TGV_nostop rounds=6 best=11.5803 err=False 195s
[167/360] genome uniform k=64 GTV rounds=2 best=9.7195 err=False 8s
[168/360] genome window k=0 GTV rounds=2 best=2.6192 err=False 4s
[169/360] genome uniform k=64 TGV rounds=2 best=9.7247 err=False 8s
[170/360] genome uniform k=1 GTV_nostop rounds=6 best=3.9386 err=False 22s
[171/360] genome uniform k=1 TGV_nostop rounds=6 best=3.9386 err=False 24s
[172/360] genome uniform k=0 GTV_nostop rounds=6 best=2.7861 err=False 27s
[173/360] genome window k=1 GTV rounds=3 best=3.5732 err=False 5s
[174/360] osm window k=64 TGV_nostop rounds=6 best=10.1167 err=False 42s
[175/360] genome window k=1 TGV rounds=3 best=3.6817 err=False 6s
[176/360] genome uniform k=4 TGV_nostop rounds=6 best=5.7646 err=False 26s
[177/360] genome window k=0 GTV_nostop rounds=6 best=2.6192 err=False 10s
[178/360] osm window k=16 TGV_nostop rounds=6 best=8.4145 err=False 54s
[179/360] genome uniform k=4 GTV_nostop rounds=6 best=5.6571 err=False 27s
[180/360] genome uniform k=16 GTV_nostop rounds=6 best=7.8782 err=False 24s
[181/360] osm window k=4 TGV_nostop rounds=6 best=6.4995 err=False 69s
[182/360] genome window k=4 TGV rounds=2 best=5.6622 err=False 4s
[183/360] genome window k=16 GTV rounds=2 best=7.4483 err=False 4s
[184/360] genome uniform k=16 TGV_nostop rounds=6 best=7.8782 err=False 24s
[185/360] genome window k=1 GTV_nostop rounds=6 best=3.5732 err=False 12s
[186/360] genome window k=64 GTV rounds=3 best=9.4033 err=False 3s
[187/360] history uniform k=0 GTV rounds=3 best=2.2508 err=False 1s
[188/360] genome window k=4 GTV rounds=4 best=5.5251 err=False 7s
[189/360] history uniform k=0 GTV_nostop rounds=6 best=2.2508 err=False 1s
[190/360] history uniform k=1 GTV rounds=3 best=3.2559 err=False 1s
[191/360] history uniform k=1 TGV rounds=2 best=3.2784 err=False 1s
[192/360] history uniform k=1 TGV_nostop rounds=6 best=3.2805 err=False 1s
[193/360] history uniform k=1 GTV_nostop rounds=6 best=3.2559 err=False 2s
[194/360] history uniform k=4 GTV rounds=3 best=5.2416 err=False 1s
[195/360] genome window k=1 TGV_nostop rounds=6 best=3.6817 err=False 11s
[196/360] history uniform k=4 TGV rounds=4 best=5.2385 err=False 1s
[197/360] history uniform k=16 GTV rounds=2 best=7.2385 err=False 0s
[198/360] genome window k=64 GTV_nostop rounds=6 best=9.4033 err=False 5s
[199/360] history uniform k=4 GTV_nostop rounds=6 best=5.2416 err=False 1s
[200/360] history uniform k=4 TGV_nostop rounds=6 best=5.2385 err=False 1s
[201/360] history uniform k=16 TGV rounds=3 best=7.2497 err=False 1s
[202/360] genome window k=16 GTV_nostop rounds=6 best=7.4483 err=False 9s
[203/360] genome uniform k=64 GTV_nostop rounds=6 best=9.7195 err=False 24s
[204/360] history uniform k=64 TGV rounds=2 best=9.2416 err=False 0s
[205/360] genome window k=4 GTV_nostop rounds=6 best=5.5251 err=False 10s
[206/360] history uniform k=64 GTV rounds=4 best=9.2467 err=False 1s
[207/360] history uniform k=16 TGV_nostop rounds=6 best=7.2497 err=False 1s
[208/360] history uniform k=64 GTV_nostop rounds=6 best=9.2467 err=False 1s
[209/360] history uniform k=16 GTV_nostop rounds=6 best=7.2385 err=False 2s
[210/360] history uniform k=64 TGV_nostop rounds=6 best=9.2477 err=False 1s
[211/360] genome window k=16 TGV rounds=5 best=7.5138 err=False 9s
[212/360] history window k=0 GTV rounds=3 best=2.2436 err=False 1s
[213/360] genome window k=4 TGV_nostop rounds=6 best=5.6622 err=False 10s
[214/360] history window k=4 GTV rounds=2 best=5.2569 err=False 1s
[215/360] history window k=16 GTV rounds=3 best=7.2651 err=False 1s
[216/360] history window k=1 TGV rounds=3 best=3.2538 err=False 1s
[217/360] history window k=4 TGV rounds=2 best=5.2416 err=False 1s
[218/360] genome uniform k=64 TGV_nostop rounds=6 best=9.7247 err=False 24s
[219/360] history window k=0 GTV_nostop rounds=6 best=2.2436 err=False 2s
[220/360] genome window k=64 TGV rounds=6 best=9.4708 err=False 8s
[221/360] history window k=1 GTV rounds=4 best=3.2375 err=False 2s
[222/360] history window k=16 TGV rounds=2 best=7.2692 err=False 1s
[223/360] history window k=64 GTV rounds=3 best=9.2743 err=False 1s
[224/360] genome window k=16 TGV_nostop rounds=6 best=7.5138 err=False 11s
[225/360] genome window k=64 TGV_nostop rounds=6 best=9.4708 err=False 8s
[226/360] history window k=64 TGV rounds=2 best=9.2979 err=False 1s
[227/360] history window k=1 GTV_nostop rounds=6 best=3.2375 err=False 3s
[228/360] history window k=16 GTV_nostop rounds=6 best=7.2651 err=False 2s
[229/360] history window k=1 TGV_nostop rounds=6 best=3.2538 err=False 3s
[230/360] history window k=64 TGV_nostop rounds=6 best=9.3019 err=False 1s
[231/360] history window k=4 GTV_nostop rounds=6 best=5.2600 err=False 2s
[232/360] history window k=16 TGV_nostop rounds=6 best=7.2692 err=False 1s
[233/360] history window k=64 GTV_nostop rounds=6 best=9.2927 err=False 1s
[234/360] history window k=4 TGV_nostop rounds=6 best=5.2416 err=False 2s
[235/360] libio uniform k=1 GTV rounds=2 best=3.4647 err=False 3s
[236/360] libio uniform k=0 GTV rounds=2 best=2.3101 err=False 4s
[237/360] libio uniform k=1 TGV rounds=2 best=3.4647 err=False 3s
[238/360] libio uniform k=4 TGV rounds=2 best=5.3634 err=False 3s
[239/360] libio uniform k=16 TGV rounds=3 best=7.2815 err=False 4s
[240/360] libio uniform k=64 GTV rounds=4 best=9.2927 err=False 4s
[241/360] libio window k=0 GTV rounds=3 best=2.3818 err=False 1s
[242/360] libio window k=1 GTV rounds=2 best=3.4360 err=False 1s
[243/360] libio uniform k=16 GTV rounds=4 best=7.2805 err=False 5s
[244/360] libio uniform k=4 GTV rounds=4 best=5.2948 err=False 6s
[245/360] libio uniform k=64 TGV rounds=4 best=9.2845 err=False 3s
[246/360] libio window k=1 TGV rounds=2 best=3.4258 err=False 1s
[247/360] libio window k=0 GTV_nostop rounds=6 best=2.3797 err=False 2s
[248/360] libio window k=1 GTV_nostop rounds=6 best=3.4483 err=False 2s
[249/360] libio window k=4 GTV rounds=3 best=5.4411 err=False 1s
[250/360] libio window k=16 GTV rounds=2 best=7.3930 err=False 1s
[251/360] libio window k=4 TGV rounds=3 best=5.3787 err=False 1s
[252/360] libio uniform k=64 GTV_nostop rounds=6 best=9.2927 err=False 5s
[253/360] libio uniform k=16 TGV_nostop rounds=6 best=7.2805 err=False 8s
[254/360] libio uniform k=16 GTV_nostop rounds=6 best=7.2805 err=False 8s
[255/360] libio window k=1 TGV_nostop rounds=6 best=3.4258 err=False 3s
[256/360] libio uniform k=64 TGV_nostop rounds=6 best=9.2968 err=False 5s
[257/360] libio uniform k=1 GTV_nostop rounds=6 best=3.4647 err=False 9s
[258/360] libio window k=16 TGV rounds=3 best=7.3275 err=False 1s
[259/360] libio uniform k=1 TGV_nostop rounds=6 best=3.4647 err=False 9s
[260/360] libio window k=4 GTV_nostop rounds=6 best=5.4411 err=False 3s
[261/360] libio uniform k=4 TGV_nostop rounds=6 best=5.3634 err=False 9s
[262/360] libio uniform k=0 GTV_nostop rounds=6 best=2.3101 err=False 10s
[263/360] libio uniform k=4 GTV_nostop rounds=6 best=5.2948 err=False 9s
[264/360] libio window k=64 GTV rounds=3 best=9.2886 err=False 1s
[265/360] libio window k=16 GTV_nostop rounds=6 best=7.3623 err=False 2s
[266/360] libio window k=64 TGV rounds=3 best=9.3153 err=False 1s
[267/360] libio window k=4 TGV_nostop rounds=6 best=5.3787 err=False 3s
[268/360] libio window k=16 TGV_nostop rounds=6 best=7.3275 err=False 2s
[269/360] libio window k=64 TGV_nostop rounds=6 best=9.2845 err=False 1s
[270/360] libio window k=64 GTV_nostop rounds=6 best=9.2886 err=False 2s
[271/360] planet window k=0 GTV rounds=2 best=3.2753 err=False 5s
[272/360] planet window k=1 GTV rounds=2 best=4.2385 err=False 5s
[273/360] planet window k=4 GTV rounds=2 best=6.2907 err=False 5s
[274/360] planet window k=4 TGV rounds=2 best=6.2907 err=False 5s
[275/360] planet window k=1 TGV rounds=2 best=4.2385 err=False 5s
[276/360] stack uniform k=0 GTV rounds=2 best=2.3163 err=False 6s
[277/360] stack uniform k=1 GTV rounds=2 best=3.3132 err=False 6s
[278/360] planet window k=16 GTV rounds=2 best=8.2211 err=False 18s
[279/360] stack uniform k=0 GTV_nostop rounds=6 best=2.3163 err=False 14s
[280/360] planet window k=16 TGV rounds=2 best=8.2211 err=False 18s
[281/360] planet window k=64 GTV rounds=2 best=10.1300 err=False 19s
[282/360] stack uniform k=4 GTV rounds=2 best=5.3122 err=False 4s
[283/360] stack uniform k=1 TGV rounds=2 best=3.3132 err=False 4s
[284/360] stack uniform k=1 TGV_nostop rounds=6 best=3.3132 err=False 5s
[285/360] stack uniform k=4 TGV rounds=2 best=5.3122 err=False 1s
[286/360] stack uniform k=1 GTV_nostop rounds=6 best=3.3132 err=False 6s
[287/360] stack uniform k=16 TGV rounds=2 best=7.2805 err=False 0s
[288/360] stack uniform k=16 GTV rounds=2 best=7.2805 err=False 1s
[289/360] stack uniform k=4 GTV_nostop rounds=6 best=5.3122 err=False 4s
[290/360] stack uniform k=4 TGV_nostop rounds=6 best=5.3122 err=False 1s
[291/360] stack uniform k=64 GTV rounds=3 best=9.2712 err=False 1s
[292/360] stack uniform k=64 TGV rounds=3 best=9.2712 err=False 1s
[293/360] stack uniform k=16 GTV_nostop rounds=6 best=7.2805 err=False 2s
[294/360] stack uniform k=64 GTV_nostop rounds=6 best=9.2712 err=False 1s
[295/360] planet window k=64 TGV rounds=2 best=10.1300 err=False 21s
[296/360] stack uniform k=16 TGV_nostop rounds=6 best=7.2805 err=False 2s
[297/360] stack uniform k=64 TGV_nostop rounds=6 best=9.2712 err=False 1s
[298/360] stack window k=0 GTV rounds=3 best=2.2651 err=False 1s
[299/360] stack window k=1 GTV rounds=2 best=3.3275 err=False 1s
[300/360] stack window k=1 TGV rounds=2 best=3.3275 err=False 1s
[301/360] stack window k=4 GTV rounds=2 best=5.3306 err=False 1s
[302/360] stack window k=4 TGV rounds=2 best=5.3306 err=False 1s
[303/360] stack window k=0 GTV_nostop rounds=6 best=2.2651 err=False 3s
[304/360] stack window k=1 GTV_nostop rounds=6 best=3.3275 err=False 3s
[305/360] stack window k=16 GTV rounds=2 best=7.3183 err=False 1s
[306/360] planet window k=0 GTV_nostop rounds=6 best=3.2753 err=False 29s
[307/360] planet window k=4 GTV_nostop rounds=6 best=6.2907 err=False 29s
[308/360] stack window k=1 TGV_nostop rounds=6 best=3.3275 err=False 3s
[309/360] planet window k=4 TGV_nostop rounds=6 best=6.2907 err=False 28s
[310/360] planet window k=1 TGV_nostop rounds=6 best=4.2385 err=False 29s
[311/360] planet window k=1 GTV_nostop rounds=6 best=4.2385 err=False 29s
[312/360] stack window k=16 TGV rounds=2 best=7.3183 err=False 1s
[313/360] stack window k=64 TGV rounds=2 best=9.3193 err=False 1s
[314/360] stack window k=4 GTV_nostop rounds=6 best=5.3306 err=False 3s
[315/360] stack window k=64 GTV rounds=2 best=9.3193 err=False 1s
[316/360] stack window k=4 TGV_nostop rounds=6 best=5.3306 err=False 2s
[317/360] stack window k=16 GTV_nostop rounds=6 best=7.3183 err=False 3s
[318/360] stack window k=16 TGV_nostop rounds=6 best=7.3183 err=False 3s
[319/360] stack window k=64 GTV_nostop rounds=6 best=9.3193 err=False 3s
[320/360] stack window k=64 TGV_nostop rounds=6 best=9.3193 err=False 2s
[321/360] wise uniform k=1 TGV rounds=2 best=3.8639 err=False 2s
[322/360] wise uniform k=0 GTV rounds=2 best=2.6673 err=False 2s
[323/360] wise uniform k=1 GTV rounds=2 best=3.7011 err=False 2s
[324/360] planet window k=16 GTV_nostop rounds=6 best=8.2211 err=False 32s
[325/360] planet window k=16 TGV_nostop rounds=6 best=8.2211 err=False 31s
[326/360] wise uniform k=4 TGV rounds=2 best=5.8854 err=False 2s
[327/360] wise uniform k=16 GTV rounds=2 best=7.7666 err=False 2s
[328/360] wise uniform k=64 GTV rounds=2 best=9.6837 err=False 2s
[329/360] wise uniform k=1 TGV_nostop rounds=6 best=3.8639 err=False 5s
[330/360] planet window k=64 GTV_nostop rounds=6 best=10.1300 err=False 30s
[331/360] wise window k=0 GTV rounds=2 best=2.3552 err=False 1s
[332/360] planet window k=64 TGV_nostop rounds=6 best=10.1300 err=False 30s
[333/360] wise uniform k=1 GTV_nostop rounds=6 best=3.7011 err=False 6s
[334/360] wise uniform k=0 GTV_nostop rounds=6 best=2.6673 err=False 6s
[335/360] wise window k=1 GTV rounds=2 best=3.3490 err=False 1s
[336/360] wise uniform k=16 TGV rounds=5 best=7.7001 err=False 4s
[337/360] wise uniform k=4 GTV rounds=6 best=5.7124 err=False 6s
[338/360] wise window k=0 GTV_nostop rounds=6 best=2.3552 err=False 1s
[339/360] wise uniform k=16 GTV_nostop rounds=6 best=7.7523 err=False 4s
[340/360] wise window k=1 TGV rounds=2 best=3.3429 err=False 1s
[341/360] wise uniform k=4 TGV_nostop rounds=6 best=5.8854 err=False 4s
[342/360] wise uniform k=64 GTV_nostop rounds=6 best=9.6489 err=False 4s
[343/360] wise window k=16 GTV rounds=2 best=7.3490 err=False 0s
[344/360] wise window k=16 TGV rounds=2 best=7.3060 err=False 0s
[345/360] wise uniform k=4 GTV_nostop rounds=6 best=5.7124 err=False 6s
[346/360] wise window k=4 GTV rounds=2 best=5.3398 err=False 1s
[347/360] wise window k=1 GTV_nostop rounds=6 best=3.3490 err=False 2s
[348/360] wise uniform k=16 TGV_nostop rounds=6 best=7.7001 err=False 5s
[349/360] wise uniform k=64 TGV rounds=6 best=9.5640 err=False 4s
[350/360] wise window k=64 TGV rounds=2 best=9.3153 err=False 0s
[351/360] wise window k=4 TGV rounds=3 best=5.3480 err=False 1s
[352/360] wise uniform k=64 TGV_nostop rounds=6 best=9.5640 err=False 4s
[353/360] wise window k=4 GTV_nostop rounds=6 best=5.3501 err=False 2s
[354/360] wise window k=1 TGV_nostop rounds=6 best=3.3449 err=False 2s
[355/360] wise window k=4 TGV_nostop rounds=6 best=5.3490 err=False 2s
[356/360] wise window k=64 GTV rounds=4 best=9.3019 err=False 1s
[357/360] wise window k=16 GTV_nostop rounds=6 best=7.3296 err=False 2s
[358/360] wise window k=64 GTV_nostop rounds=6 best=9.3019 err=False 1s
[359/360] wise window k=16 TGV_nostop rounds=6 best=7.3060 err=False 2s
[360/360] wise window k=64 TGV_nostop rounds=6 best=9.3163 err=False 2s
