[1/180] planet uniform k=4 GTV spread=0.1760 maxdev=0.1760 1130s
[2/180] planet uniform k=1 GTV spread=0.2426 maxdev=0.2426 1235s
[3/180] planet uniform k=1 TGV spread=0.1494 maxdev=0.0870 1235s
[4/180] planet uniform k=0 GTV spread=0.2016 maxdev=0.1934 1247s
[5/180] planet uniform k=4 TGV spread=0.1709 maxdev=0.1341 1250s
[6/180] books uniform k=0 GTV spread=0.0420 maxdev=0.0266 7s
[7/180] books uniform k=1 GTV spread=0.0809 maxdev=0.0430 7s
[8/180] books uniform k=1 TGV spread=0.1003 maxdev=0.1003 11s
[9/180] books uniform k=4 GTV spread=0.0655 maxdev=0.0502 5s
[10/180] planet uniform k=16 GTV spread=0.1781 maxdev=0.1546 157s
[11/180] books uniform k=16 GTV spread=0.0757 maxdev=0.0727 8s
[12/180] books uniform k=4 TGV spread=0.1064 maxdev=0.0911 23s
[13/180] planet uniform k=64 GTV spread=0.1986 maxdev=0.1484 78s
[14/180] planet uniform k=64 TGV spread=0.2129 maxdev=0.1238 318s
[15/180] books window k=0 GTV spread=0.0246 maxdev=0.0225 1s
[16/180] books window k=1 GTV spread=0.0297 maxdev=0.0205 1s
[17/180] books window k=1 TGV spread=0.0297 maxdev=0.0184 12s
[18/180] books uniform k=16 TGV spread=0.1402 maxdev=0.1402 292s
[19/180] planet uniform k=16 TGV spread=0.3286 maxdev=0.1853 356s
[20/180] books window k=4 GTV spread=0.0317 maxdev=0.0297 13s
[21/180] books window k=16 TGV spread=0.0276 maxdev=0.0174 6s
[22/180] books window k=4 TGV spread=0.0317 maxdev=0.0287 11s
[23/180] books window k=16 GTV spread=0.0215 maxdev=0.0205 8s
[24/180] books window k=64 TGV spread=0.0297 maxdev=0.0276 0s
[25/180] books window k=64 GTV spread=0.0307 maxdev=0.0154 1s
[26/180] fb uniform k=0 GTV spread=0.0573 maxdev=0.0368 1s
[27/180] fb uniform k=1 TGV spread=0.0450 maxdev=0.0297 1s
[28/180] fb uniform k=1 GTV spread=0.0461 maxdev=0.0297 1s
[29/180] fb uniform k=4 GTV spread=0.0399 maxdev=0.0368 1s
[30/180] fb uniform k=4 TGV spread=0.0379 maxdev=0.0379 1s
[31/180] fb uniform k=16 GTV spread=0.0471 maxdev=0.0246 1s
[32/180] fb uniform k=16 TGV spread=0.0430 maxdev=0.0215 1s
[33/180] fb uniform k=64 GTV spread=0.0553 maxdev=0.0532 0s
[34/180] fb uniform k=64 TGV spread=0.0563 maxdev=0.0553 0s
[35/180] fb window k=1 TGV spread=0.0450 maxdev=0.0430 3s
[36/180] fb window k=1 GTV spread=0.0215 maxdev=0.0205 3s
[37/180] fb window k=0 GTV spread=0.0952 maxdev=0.0952 4s
[38/180] books uniform k=64 TGV spread=0.1546 maxdev=0.1515 293s
[39/180] fb window k=4 GTV spread=0.0890 maxdev=0.0890 3s
[40/180] fb window k=4 TGV spread=0.0635 maxdev=0.0532 3s
[41/180] fb window k=16 GTV spread=0.0676 maxdev=0.0635 3s
[42/180] fb window k=16 TGV spread=0.0993 maxdev=0.0809 3s
[43/180] fb window k=64 GTV spread=0.0512 maxdev=0.0461 2s
[44/180] fb window k=64 TGV spread=0.0788 maxdev=0.0788 2s
[45/180] books uniform k=64 GTV spread=0.1392 maxdev=0.1157 308s
[46/180] covid uniform k=64 GTV spread=0.0696 maxdev=0.0665 2s
[47/180] covid uniform k=64 TGV spread=0.0604 maxdev=0.0328 3s
[48/180] covid uniform k=16 GTV spread=0.1249 maxdev=0.0665 4s
[49/180] covid uniform k=16 TGV spread=0.0573 maxdev=0.0563 4s
[50/180] covid uniform k=4 TGV spread=0.0655 maxdev=0.0430 4s
[51/180] covid uniform k=1 GTV spread=0.1034 maxdev=0.1034 4s
[52/180] covid uniform k=4 GTV spread=0.1372 maxdev=0.1372 5s
[53/180] covid uniform k=1 TGV spread=0.0993 maxdev=0.0542 5s
[54/180] covid uniform k=0 GTV spread=0.1474 maxdev=0.0798 5s
[55/180] covid window k=0 GTV spread=0.1494 maxdev=0.1494 25s
[56/180] covid window k=64 GTV spread=0.0614 maxdev=0.0440 23s
[57/180] covid window k=1 GTV spread=0.0696 maxdev=0.0624 27s
[58/180] covid window k=64 TGV spread=0.1423 maxdev=0.1310 24s
[59/180] covid window k=1 TGV spread=0.1709 maxdev=0.1699 27s
[60/180] covid window k=4 TGV spread=0.2518 maxdev=0.2518 26s
[61/180] covid window k=16 GTV spread=0.1791 maxdev=0.1392 26s
[62/180] covid window k=16 TGV spread=0.1832 maxdev=0.1044 26s
[63/180] covid window k=4 GTV spread=0.1064 maxdev=0.1064 26s
[64/180] genome window k=0 GTV spread=0.2764 maxdev=0.2231 18s
[65/180] genome window k=1 GTV spread=0.1259 maxdev=0.0778 16s
[66/180] genome uniform k=64 GTV spread=0.2231 maxdev=0.1136 39s
[67/180] genome uniform k=64 TGV spread=0.1187 maxdev=0.1187 40s
[68/180] genome uniform k=16 TGV spread=0.2518 maxdev=0.2518 41s
[69/180] genome uniform k=1 GTV spread=0.2692 maxdev=0.1709 45s
[70/180] genome uniform k=16 GTV spread=0.1832 maxdev=0.1832 41s
[71/180] genome uniform k=1 TGV spread=0.2692 maxdev=0.1709 44s
[72/180] genome uniform k=0 GTV spread=0.1975 maxdev=0.1914 68s
[73/180] history uniform k=0 GTV spread=0.0307 maxdev=0.0246 1s
[74/180] history uniform k=1 GTV spread=0.0358 maxdev=0.0276 1s
[75/180] history uniform k=1 TGV spread=0.0297 maxdev=0.0297 0s
[76/180] genome uniform k=4 GTV spread=0.1679 maxdev=0.0952 48s
[77/180] history uniform k=4 GTV spread=0.0266 maxdev=0.0246 1s
[78/180] genome window k=64 GTV spread=0.2047 maxdev=0.2016 6s
[79/180] osm window k=64 GTV spread=0.1361 maxdev=0.0890 77s
[80/180] genome uniform k=4 TGV spread=0.1679 maxdev=0.0952 48s
[81/180] history uniform k=4 TGV spread=0.0481 maxdev=0.0358 1s
[82/180] history uniform k=16 GTV spread=0.0297 maxdev=0.0297 1s
[83/180] history uniform k=64 GTV spread=0.0583 maxdev=0.0399 1s
[84/180] history uniform k=16 TGV spread=0.0123 maxdev=0.0123 1s
[85/180] history uniform k=64 TGV spread=0.0133 maxdev=0.0113 1s
[86/180] history window k=1 TGV spread=0.0256 maxdev=0.0143 2s
[87/180] history window k=0 GTV spread=0.0409 maxdev=0.0297 3s
[88/180] history window k=4 GTV spread=0.0358 maxdev=0.0184 2s
[89/180] history window k=1 GTV spread=0.0502 maxdev=0.0481 3s
[90/180] genome window k=1 TGV spread=0.1566 maxdev=0.0890 16s
[91/180] history window k=4 TGV spread=0.0297 maxdev=0.0246 2s
[92/180] history window k=64 GTV spread=0.0522 maxdev=0.0317 1s
[93/180] history window k=64 TGV spread=0.0307 maxdev=0.0225 1s
[94/180] history window k=16 GTV spread=0.0368 maxdev=0.0256 1s
[95/180] history window k=16 TGV spread=0.0287 maxdev=0.0276 1s
[96/180] genome window k=64 TGV spread=0.1771 maxdev=0.1730 11s
[97/180] genome window k=16 GTV spread=0.3050 maxdev=0.2774 14s
[98/180] genome window k=4 GTV spread=0.2160 maxdev=0.1822 16s
[99/180] genome window k=16 TGV spread=0.1238 maxdev=0.1003 14s
[100/180] genome window k=4 TGV spread=0.2549 maxdev=0.1597 15s
[101/180] libio window k=0 GTV spread=0.0962 maxdev=0.0624 3s
[102/180] libio window k=1 GTV spread=0.1269 maxdev=0.1085 2s
[103/180] libio window k=4 GTV spread=0.1146 maxdev=0.1085 2s
[104/180] libio window k=1 TGV spread=0.1044 maxdev=0.0553 2s
[105/180] libio uniform k=64 GTV spread=0.0819 maxdev=0.0440 7s
[106/180] libio uniform k=64 TGV spread=0.0819 maxdev=0.0440 7s
[107/180] libio uniform k=16 GTV spread=0.1515 maxdev=0.1116 10s
[108/180] libio window k=16 GTV spread=0.0757 maxdev=0.0747 1s
[109/180] libio window k=64 GTV spread=0.0522 maxdev=0.0502 1s
[110/180] libio uniform k=4 GTV spread=0.1146 maxdev=0.0788 11s
[111/180] libio window k=4 TGV spread=0.1157 maxdev=0.0757 3s
[112/180] libio window k=64 TGV spread=0.0727 maxdev=0.0676 1s
[113/180] libio uniform k=1 GTV spread=0.1668 maxdev=0.1668 12s
[114/180] libio uniform k=4 TGV spread=0.1464 maxdev=0.1003 12s
[115/180] libio uniform k=1 TGV spread=0.1668 maxdev=0.1668 12s
[116/180] libio uniform k=0 GTV spread=0.1740 maxdev=0.1505 13s
[117/180] libio window k=16 TGV spread=0.1218 maxdev=0.1064 3s
[118/180] libio uniform k=16 TGV spread=0.1515 maxdev=0.1116 10s
[119/180] stack uniform k=1 GTV spread=0.0553 maxdev=0.0502 2s
[120/180] stack uniform k=0 GTV spread=0.0440 maxdev=0.0409 2s
[121/180] stack uniform k=4 GTV spread=0.0522 maxdev=0.0450 1s
[122/180] stack uniform k=1 TGV spread=0.0553 maxdev=0.0502 1s
[123/180] stack uniform k=4 TGV spread=0.0522 maxdev=0.0450 1s
[124/180] stack uniform k=16 GTV spread=0.0563 maxdev=0.0481 1s
[125/180] stack uniform k=16 TGV spread=0.0563 maxdev=0.0481 1s
[126/180] stack uniform k=64 GTV spread=0.0143 maxdev=0.0133 1s
[127/180] stack uniform k=64 TGV spread=0.0143 maxdev=0.0133 1s
[128/180] stack window k=0 GTV spread=0.0778 maxdev=0.0614 4s
[129/180] osm window k=64 TGV spread=0.2323 maxdev=0.2323 104s
[130/180] stack window k=1 GTV spread=0.0522 maxdev=0.0481 4s
[131/180] stack window k=1 TGV spread=0.0522 maxdev=0.0481 3s
[132/180] stack window k=4 TGV spread=0.1034 maxdev=0.0901 3s
[133/180] stack window k=4 GTV spread=0.1034 maxdev=0.0901 4s
[134/180] stack window k=16 GTV spread=0.0686 maxdev=0.0604 3s
[135/180] stack window k=64 GTV spread=0.0819 maxdev=0.0809 2s
[136/180] stack window k=16 TGV spread=0.0686 maxdev=0.0604 3s
[137/180] stack window k=64 TGV spread=0.0829 maxdev=0.0809 2s
[138/180] planet window k=4 GTV spread=0.1167 maxdev=0.0972 21s
[139/180] planet window k=0 GTV spread=0.1412 maxdev=0.1146 22s
[140/180] planet window k=4 TGV spread=0.1812 maxdev=0.1617 21s
[141/180] planet window k=1 TGV spread=0.1781 maxdev=0.0972 22s
[142/180] planet window k=1 GTV spread=0.1781 maxdev=0.0972 22s
[143/180] planet window k=64 GTV spread=0.1494 maxdev=0.0788 24s
[144/180] planet window k=64 TGV spread=0.2088 maxdev=0.1464 24s
[145/180] planet window k=16 GTV spread=0.1934 maxdev=0.1157 26s
[146/180] planet window k=16 TGV spread=0.1853 maxdev=0.1157 26s
[147/180] wise window k=0 GTV spread=0.0092 maxdev=0.0092 2s
[148/180] wise uniform k=1 TGV spread=0.2252 maxdev=0.2016 9s
[149/180] wise uniform k=0 GTV spread=0.2518 maxdev=0.2293 11s
[150/180] wise uniform k=1 GTV spread=0.1453 maxdev=0.1146 10s
[151/180] wise window k=1 GTV spread=0.0215 maxdev=0.0205 2s
[152/180] wise window k=1 TGV spread=0.0051 maxdev=0.0051 2s
[153/180] wise uniform k=64 GTV spread=0.1157 maxdev=0.1116 7s
[154/180] wise uniform k=4 TGV spread=0.2201 maxdev=0.2119 8s
[155/180] wise window k=4 GTV spread=0.0082 maxdev=0.0061 2s
[156/180] wise uniform k=4 GTV spread=0.2385 maxdev=0.1597 8s
[157/180] wise uniform k=64 TGV spread=0.1228 maxdev=0.1126 5s
[158/180] wise uniform k=16 GTV spread=0.1382 maxdev=0.1361 8s
[159/180] wise window k=16 GTV spread=0.0276 maxdev=0.0266 2s
[160/180] wise window k=64 GTV spread=0.0164 maxdev=0.0164 2s
[161/180] wise window k=4 TGV spread=0.0307 maxdev=0.0307 2s
[162/180] wise window k=64 TGV spread=0.0174 maxdev=0.0123 1s
[163/180] wise uniform k=16 TGV spread=0.2702 maxdev=0.1781 8s
[164/180] wise window k=16 TGV spread=0.0481 maxdev=0.0471 2s
[165/180] osm window k=16 GTV spread=0.1740 maxdev=0.1310 127s
[166/180] osm window k=16 TGV spread=0.1842 maxdev=0.1832 132s
/opt/homebrew/Cellar/python@3.14/3.14.6/Frameworks/Python.framework/Versions/3.14/lib/python3.14/multiprocessing/resource_tracker.py:475: UserWarning: resource_tracker: There appear to be 6 leaked semaphore objects to clean up at shutdown: {'/mp-zeov65bh', '/mp-pq40z4xe', '/mp-tx54skhv', '/mp-mr5s1rs5', '/mp-vbzmtqtn', '/mp-of3l4342'}
  warnings.warn(
