40 pool tasks
13:12:00 pool_fb_uniform_fromV 8s
13:12:01 pool_fb_uniform_empty 9s
13:12:02 pool_osm_uniform_empty 9s
13:12:09 pool_covid_uniform_fromV 8s
13:12:11 pool_books_uniform_fromV 19s
13:12:18 pool_covid_uniform_empty 18s
13:12:22 pool_genome_uniform_fromV 13s
13:12:23 pool_history_uniform_empty 12s
13:12:25 pool_planet_uniform_empty 32s
13:12:27 pool_history_uniform_fromV 9s
13:12:33 pool_libio_uniform_fromV 10s
13:12:35 pool_stack_uniform_empty 10s
13:12:35 pool_stack_uniform_fromV 8s
13:12:36 pool_genome_uniform_empty 35s
13:12:44 pool_wise_uniform_fromV 9s
13:12:44 pool_books_window_empty 9s
13:12:44 pool_books_window_fromV 8s
13:12:45 pool_books_uniform_empty 53s
13:12:48 pool_libio_uniform_empty 26s
13:12:50 pool_wise_uniform_empty 17s
13:12:53 pool_fb_window_fromV 9s
13:12:54 pool_fb_window_empty 11s
13:12:57 pool_osm_uniform_fromV 65s
13:12:59 pool_covid_window_fromV 9s
13:13:04 pool_planet_uniform_fromV 72s
13:13:05 pool_genome_window_fromV 10s
13:13:07 pool_history_window_fromV 8s
13:13:08 pool_history_window_empty 12s
13:13:12 pool_covid_window_empty 24s
13:13:13 pool_osm_window_empty 28s
13:13:13 pool_osm_window_fromV 29s
13:13:14 pool_libio_window_fromV 10s
13:13:15 pool_libio_window_empty 11s
13:13:17 pool_genome_window_empty 25s
13:13:18 pool_planet_window_fromV 10s
13:13:21 pool_stack_window_fromV 8s
13:13:22 pool_wise_window_fromV 7s
13:13:22 pool_wise_window_empty 9s
13:13:25 pool_stack_window_empty 13s
13:13:31 pool_planet_window_empty 24s
