12:13:05 pool_fb_uniform_fromV 9s
12:13:05 pool_covid_uniform_fromV 9s
12:13:05 pool_fb_uniform_empty 9s
12:13:06 pool_osm_uniform_empty 10s
12:13:16 pool_history_uniform_fromV 10s
12:13:17 pool_covid_uniform_empty 21s
12:13:18 pool_books_uniform_fromV 22s
12:13:18 pool_history_uniform_empty 13s
12:13:20 pool_genome_uniform_fromV 15s
12:13:28 pool_stack_uniform_fromV 9s
12:13:29 pool_libio_uniform_fromV 12s
12:13:30 pool_stack_uniform_empty 12s
12:13:34 pool_planet_uniform_empty 38s
12:13:38 pool_wise_uniform_fromV 11s
12:13:39 pool_books_window_empty 10s
12:13:39 pool_wise_uniform_empty 19s
12:13:39 pool_books_window_fromV 9s
12:14:01 pool_genome_uniform_empty 55s
12:14:02 pool_fb_window_empty 28s
12:14:02 pool_libio_uniform_empty 46s
12:14:03 pool_fb_window_fromV 25s
12:14:10 pool_covid_window_fromV 10s
12:14:10 pool_books_uniform_empty 74s
12:14:13 pool_genome_window_fromV 10s
12:14:15 pool_history_window_empty 12s
12:18:41 pool_history_window_fromV 271s
12:18:42 pool_covid_window_empty 303s
12:18:43 pool_libio_window_empty 272s
12:18:45 pool_libio_window_fromV 272s
12:18:56 pool_osm_uniform_fromV 360s
12:19:06 pool_osm_window_empty 328s
12:19:07 pool_osm_window_fromV 328s
12:19:10 pool_genome_window_empty 308s
12:19:11 pool_planet_window_fromV 30s
12:19:13 pool_stack_window_fromV 30s
12:19:49 pool_planet_uniform_fromV 413s
12:19:50 pool_wise_window_fromV 54s
12:19:51 pool_wise_window_empty 65s
12:20:16 pool_stack_window_empty 95s
12:20:26 pool_planet_window_empty 371s
12:37:58 k_planet_uniform_64 1052s
12:38:18 indep_books_uniform 20s
12:39:55 indep_planet_uniform 1206s
12:39:55 k_books_uniform_1 97s
12:39:57 k_planet_uniform_16 1181s
12:40:00 k_planet_uniform_1 1210s
12:40:00 k_planet_uniform_4 1209s
12:40:00 indep_fb_uniform 1s
12:40:00 k_fb_uniform_4 0s
12:40:01 k_fb_uniform_1 1s
12:40:01 k_fb_uniform_16 0s
12:40:01 k_fb_uniform_64 0s
12:40:01 k_books_uniform_16 6s
12:40:02 indep_covid_uniform 1s
12:40:02 k_books_uniform_64 5s
12:40:03 k_covid_uniform_1 2s
12:40:03 k_covid_uniform_4 2s
12:40:03 k_books_uniform_4 8s
12:40:03 k_covid_uniform_16 1s
12:40:03 k_covid_uniform_64 1s
12:40:11 indep_genome_uniform 9s
12:40:12 indep_history_uniform 0s
12:40:12 k_history_uniform_1 1s
12:40:13 k_history_uniform_4 0s
12:40:13 k_history_uniform_16 1s
12:40:14 k_genome_uniform_64 10s
12:40:14 k_history_uniform_64 0s
12:40:15 k_genome_uniform_16 11s
12:40:15 k_genome_uniform_1 12s
12:40:16 k_genome_uniform_4 13s
12:40:16 indep_libio_uniform 3s
12:40:17 indep_stack_uniform 0s
12:40:17 k_libio_uniform_1 3s
12:40:17 k_stack_uniform_1 1s
12:40:18 k_stack_uniform_16 1s
12:40:18 k_stack_uniform_4 1s
12:40:18 k_libio_uniform_4 4s
12:40:18 k_stack_uniform_64 1s
12:40:19 k_libio_uniform_16 4s
12:40:19 k_libio_uniform_64 3s
12:40:20 indep_wise_uniform 2s
12:40:21 k_wise_uniform_4 2s
12:40:21 k_wise_uniform_1 3s
12:40:21 k_wise_uniform_16 2s
12:40:21 indep_books_window 1s
12:40:21 k_wise_uniform_64 2s
12:40:21 k_books_window_1 0s
12:40:21 k_books_window_64 0s
12:40:21 k_books_window_4 1s
12:40:22 k_books_window_16 1s
12:40:22 indep_fb_window 1s
12:40:22 k_fb_window_4 1s
12:40:22 k_fb_window_1 1s
12:40:22 k_fb_window_64 1s
12:40:23 k_fb_window_16 1s
12:40:38 indep_osm_uniform 1292s
12:40:41 indep_covid_window 3s
12:40:43 k_covid_window_1 2s
12:40:51 k_covid_window_4 8s
12:40:51 k_osm_window_64 28s
12:40:52 k_covid_window_16 2s
12:40:52 k_covid_window_64 2s
12:40:55 indep_genome_window 3s
12:40:57 k_genome_window_1 4s
12:40:59 k_genome_window_4 3s
12:41:00 k_genome_window_16 3s
12:41:00 indep_osm_window 38s
12:41:01 k_genome_window_64 2s
12:41:01 indep_history_window 1s
12:41:01 k_history_window_16 0s
12:41:01 k_history_window_1 1s
12:41:02 k_history_window_64 0s
12:41:02 k_history_window_4 1s
12:41:02 indep_libio_window 1s
12:41:03 k_libio_window_4 1s
12:41:03 k_libio_window_1 1s
12:41:03 k_libio_window_16 1s
12:41:03 k_libio_window_64 0s
12:41:04 k_osm_window_16 41s
12:45:13 indep_planet_window 250s
12:45:41 k_planet_window_4 278s
12:45:44 k_planet_window_1 281s
12:45:45 k_planet_window_16 281s
12:45:45 k_osm_window_1 322s
12:45:45 indep_stack_window 4s
12:45:45 k_stack_window_1 2s
12:45:45 k_stack_window_64 1s
12:45:46 indep_wise_window 1s
12:45:46 k_stack_window_16 1s
12:45:46 k_stack_window_4 1s
12:45:46 k_osm_uniform_64 1594s
12:45:46 k_wise_window_1 1s
12:45:47 k_wise_window_16 1s
12:45:47 k_wise_window_4 1s
12:45:47 k_osm_window_4 324s
12:45:47 k_wise_window_64 1s
12:45:48 k_planet_window_64 35s
13:01:42 k_osm_uniform_1 2555s
13:05:01 k_osm_uniform_4 2751s
13:05:02 k_osm_uniform_16 2751s
