osm {"sample": 4096, "steps": 200, "shifts": 64, "lr": 0.05, "monotone": true, "tag": "baseline-pipeline", "nll": 3.9238291493751376, "tcd_raw": 83, "tcd_flow": 82, "ratio": 0.9880952380952381, "seconds": 2.38, "unordered": 0}
osm {"sample": 4096, "steps": 200, "shifts": 64, "lr": 0.05, "monotone": false, "tag": "baseline-nomono", "nll": -0.44138965661063106, "tcd_raw": 83, "tcd_flow": 11, "ratio": 0.14285714285714285, "seconds": 2.4, "unordered": 58}
osm {"sample": 4096, "steps": 2000, "shifts": 8, "lr": 0.05, "monotone": true, "tag": "grid", "nll": 1.8027665321151587, "tcd_raw": 83, "tcd_flow": 83, "ratio": 1.0, "seconds": 23.87, "unordered": 0}
osm {"sample": 4096, "steps": 2000, "shifts": 8, "lr": 0.05, "monotone": false, "tag": "grid", "nll": -0.24010946624793023, "tcd_raw": 83, "tcd_flow": 37, "ratio": 0.4523809523809524, "seconds": 23.97, "unordered": 9}
osm {"sample": 4096, "steps": 2000, "shifts": 64, "lr": 0.05, "monotone": true, "tag": "grid", "nll": 3.907659098188676, "tcd_raw": 83, "tcd_flow": 83, "ratio": 1.0, "seconds": 24.03, "unordered": 0}
osm {"sample": 4096, "steps": 2000, "shifts": 64, "lr": 0.05, "monotone": false, "tag": "grid", "nll": -0.46600780035080325, "tcd_raw": 83, "tcd_flow": 11, "ratio": 0.14285714285714285, "seconds": 23.97, "unordered": 58}
osm {"sample": 4096, "steps": 2000, "shifts": 512, "lr": 0.05, "monotone": true, "tag": "grid", "nll": 6.180933464294749, "tcd_raw": 83, "tcd_flow": 81, "ratio": 0.9761904761904762, "seconds": 24.04, "unordered": 0}
osm {"sample": 4096, "steps": 2000, "shifts": 512, "lr": 0.05, "monotone": false, "tag": "grid", "nll": -0.551861240180889, "tcd_raw": 83, "tcd_flow": 5, "ratio": 0.07142857142857142, "seconds": 24.04, "unordered": 295}
osm {"sample": 4096, "steps": 2000, "shifts": 65536, "lr": 0.05, "monotone": true, "tag": "grid", "nll": 23.675121238107234, "tcd_raw": 83, "tcd_flow": 82, "ratio": 0.9880952380952381, "seconds": 24.05, "unordered": 0}
osm {"sample": 4096, "steps": 2000, "shifts": 65536, "lr": 0.05, "monotone": false, "tag": "grid", "nll": -0.5275474062717358, "tcd_raw": 83, "tcd_flow": 3, "ratio": 0.047619047619047616, "seconds": 28.72, "unordered": 9347}
osm {"sample": 4096, "steps": 2000, "shifts": 64, "lr": 0.3, "monotone": true, "tag": "grid-bigLR", "nll": 3.906990215384754, "tcd_raw": 83, "tcd_flow": 82, "ratio": 0.9880952380952381, "seconds": 46.96, "unordered": 0}
osm {"sample": 4096, "steps": 2000, "shifts": 64, "lr": 0.3, "monotone": false, "tag": "grid-bigLR", "nll": -0.6077709043156561, "tcd_raw": 83, "tcd_flow": 11, "ratio": 0.14285714285714285, "seconds": 46.8, "unordered": 58}
osm {"sample": 4096, "steps": 2000, "shifts": 512, "lr": 0.3, "monotone": true, "tag": "grid-bigLR", "nll": 6.179924885744434, "tcd_raw": 83, "tcd_flow": 83, "ratio": 1.0, "seconds": 47.11, "unordered": 0}
osm {"sample": 4096, "steps": 2000, "shifts": 512, "lr": 0.3, "monotone": false, "tag": "grid-bigLR", "nll": -0.55214111081089, "tcd_raw": 83, "tcd_flow": 5, "ratio": 0.07142857142857142, "seconds": 47.39, "unordered": 295}
osm {"sample": 4096, "steps": 10000, "shifts": 64, "lr": 0.05, "monotone": false, "tag": "long", "nll": -0.4683542925360463, "tcd_raw": 83, "tcd_flow": 11, "ratio": 0.14285714285714285, "seconds": 146.28, "unordered": 58}
osm {"sample": 4096, "steps": 10000, "shifts": 512, "lr": 0.3, "monotone": false, "tag": "long", "nll": -0.7430906414186059, "tcd_raw": 83, "tcd_flow": 5, "ratio": 0.07142857142857142, "seconds": 209.43, "unordered": 294}
osm {"sample": 65536, "steps": 200, "shifts": 64, "lr": 0.05, "monotone": false, "tag": "data65k", "nll": -0.40212942179392336, "tcd_raw": 83, "tcd_flow": 12, "ratio": 0.15476190476190477, "seconds": 55.2, "unordered": 57}
osm {"sample": 65536, "steps": 200, "shifts": 512, "lr": 0.3, "monotone": false, "tag": "data65k", "nll": -0.6650623803128451, "tcd_raw": 83, "tcd_flow": 5, "ratio": 0.07142857142857142, "seconds": 47.08, "unordered": 293}
osm {"sample": 200000, "steps": 200, "shifts": 64, "lr": 0.05, "monotone": false, "tag": "data200k", "nll": -0.4171122729819311, "tcd_raw": 83, "tcd_flow": 11, "ratio": 0.14285714285714285, "seconds": 152.73, "unordered": 57}
osm {"sample": 200000, "steps": 200, "shifts": 512, "lr": 0.3, "monotone": false, "tag": "data200k", "nll": -0.727530140721433, "tcd_raw": 83, "tcd_flow": 5, "ratio": 0.07142857142857142, "seconds": 143.46, "unordered": 294}
DONE osm best grid 3 raw 83
