planet {"sample": 4096, "steps": 200, "shifts": 64, "lr": 0.05, "monotone": true, "tag": "baseline-pipeline", "nll": 3.3771236310569073, "tcd_raw": 16, "tcd_flow": 7, "ratio": 0.47058823529411764, "seconds": 2.36, "unordered": 0}
planet {"sample": 4096, "steps": 200, "shifts": 64, "lr": 0.05, "monotone": false, "tag": "baseline-nomono", "nll": -0.24260746233510094, "tcd_raw": 16, "tcd_flow": 4, "ratio": 0.29411764705882354, "seconds": 2.37, "unordered": 65}
planet {"sample": 4096, "steps": 2000, "shifts": 8, "lr": 0.05, "monotone": true, "tag": "grid", "nll": 1.2312648145038625, "tcd_raw": 16, "tcd_flow": 7, "ratio": 0.47058823529411764, "seconds": 23.7, "unordered": 0}
planet {"sample": 4096, "steps": 2000, "shifts": 8, "lr": 0.05, "monotone": false, "tag": "grid", "nll": -0.29571915452284775, "tcd_raw": 16, "tcd_flow": 4, "ratio": 0.29411764705882354, "seconds": 23.83, "unordered": 9}
planet {"sample": 4096, "steps": 2000, "shifts": 64, "lr": 0.05, "monotone": true, "tag": "grid", "nll": 3.330268585645074, "tcd_raw": 16, "tcd_flow": 7, "ratio": 0.47058823529411764, "seconds": 23.87, "unordered": 0}
planet {"sample": 4096, "steps": 2000, "shifts": 64, "lr": 0.05, "monotone": false, "tag": "grid", "nll": -0.2576772448791528, "tcd_raw": 16, "tcd_flow": 4, "ratio": 0.29411764705882354, "seconds": 23.85, "unordered": 65}
planet {"sample": 4096, "steps": 2000, "shifts": 512, "lr": 0.05, "monotone": true, "tag": "grid", "nll": 5.556332923660117, "tcd_raw": 16, "tcd_flow": 7, "ratio": 0.47058823529411764, "seconds": 23.91, "unordered": 0}
planet {"sample": 4096, "steps": 2000, "shifts": 512, "lr": 0.05, "monotone": false, "tag": "grid", "nll": -0.2266779791035275, "tcd_raw": 16, "tcd_flow": 3, "ratio": 0.23529411764705882, "seconds": 23.92, "unordered": 513}
planet {"sample": 4096, "steps": 2000, "shifts": 65536, "lr": 0.05, "monotone": true, "tag": "grid", "nll": 19.976548358687122, "tcd_raw": 16, "tcd_flow": 9, "ratio": 0.5882352941176471, "seconds": 23.92, "unordered": 0}
planet {"sample": 4096, "steps": 2000, "shifts": 65536, "lr": 0.05, "monotone": false, "tag": "grid", "nll": -0.2282791298205431, "tcd_raw": 16, "tcd_flow": 3, "ratio": 0.23529411764705882, "seconds": 26.54, "unordered": 34146}
planet {"sample": 4096, "steps": 2000, "shifts": 64, "lr": 0.3, "monotone": true, "tag": "grid-bigLR", "nll": 3.3300976819444488, "tcd_raw": 16, "tcd_flow": 7, "ratio": 0.47058823529411764, "seconds": 47.01, "unordered": 0}
planet {"sample": 4096, "steps": 2000, "shifts": 64, "lr": 0.3, "monotone": false, "tag": "grid-bigLR", "nll": -0.6560194514826727, "tcd_raw": 16, "tcd_flow": 3, "ratio": 0.23529411764705882, "seconds": 46.71, "unordered": 65}
planet {"sample": 4096, "steps": 2000, "shifts": 512, "lr": 0.3, "monotone": true, "tag": "grid-bigLR", "nll": 5.556157746089669, "tcd_raw": 16, "tcd_flow": 7, "ratio": 0.47058823529411764, "seconds": 47.35, "unordered": 0}
planet {"sample": 4096, "steps": 2000, "shifts": 512, "lr": 0.3, "monotone": false, "tag": "grid-bigLR", "nll": -0.6647634347626138, "tcd_raw": 16, "tcd_flow": 3, "ratio": 0.23529411764705882, "seconds": 49.28, "unordered": 513}
planet {"sample": 4096, "steps": 10000, "shifts": 64, "lr": 0.05, "monotone": false, "tag": "long", "nll": -0.25890011536800345, "tcd_raw": 16, "tcd_flow": 4, "ratio": 0.29411764705882354, "seconds": 145.5, "unordered": 65}
planet {"sample": 4096, "steps": 10000, "shifts": 512, "lr": 0.3, "monotone": false, "tag": "long", "nll": -0.7111900476009999, "tcd_raw": 16, "tcd_flow": 3, "ratio": 0.23529411764705882, "seconds": 205.34, "unordered": 513}
planet {"sample": 65536, "steps": 200, "shifts": 64, "lr": 0.05, "monotone": false, "tag": "data65k", "nll": -0.2339438787595917, "tcd_raw": 16, "tcd_flow": 4, "ratio": 0.29411764705882354, "seconds": 56.49, "unordered": 64}
planet {"sample": 65536, "steps": 200, "shifts": 512, "lr": 0.3, "monotone": false, "tag": "data65k", "nll": -0.24699966032711893, "tcd_raw": 16, "tcd_flow": 4, "ratio": 0.29411764705882354, "seconds": 48.12, "unordered": 512}
planet {"sample": 200000, "steps": 200, "shifts": 64, "lr": 0.05, "monotone": false, "tag": "data200k", "nll": -0.2315003908963459, "tcd_raw": 16, "tcd_flow": 4, "ratio": 0.29411764705882354, "seconds": 149.93, "unordered": 64}
planet {"sample": 200000, "steps": 200, "shifts": 512, "lr": 0.3, "monotone": false, "tag": "data200k", "nll": -0.24611058472038508, "tcd_raw": 16, "tcd_flow": 4, "ratio": 0.29411764705882354, "seconds": 144.62, "unordered": 512}
DONE planet best long 3 raw 16
