lower-bound loop over n=32: outcomes={5: 31, 6: 2} min=5 max=6
lower-bound loop over n=9: outcomes={3: 6, 4: 4} min=3 max=4
lower-bound loop over n=128: outcomes={7: 127, 8: 2} min=7 max=8
key 38737396981: x=32.064167636867 u=[0.18775504128194254, 0.18787295810858928] v=[2.16116910542414, 2.5117446453984957] a=[0.0058556031582764, 0.0058592806847908] s=[0.9655602605797176, 0.9655179899434896] z=0.8674828243 dz/dx=0.026428660 1/(dz/dx)=37.838
   NLL term = 0.376263 + 3.633306 + 0.037838 = 4.047407
key 77308811965: x=64.003448722927 u=[0.37477879648255497, 0.3750141708622466] v=[2.16116910542414, 2.5117446453984957] a=[0.0058556031582764, 0.0058592806847908] s=[0.8717181289675868, 0.8715711227667102] z=1.6741875380 dz/dx=0.023858475 1/(dz/dx)=41.914
   NLL term = 1.401452 + 3.735616 + 0.041914 = 5.178982
best_nll (fb_training.json): 4.182016254972711
after shift: S_y 18 S_yy 82 S_xy 175
after add: 7 45.5 421.25 21 91 194.5 centred 125.5 58.0 28.0 SSE 1.195219123505975
brute-force refit SSE 1.195219123505976
packed_rank_vp10 {'key_bytes': 5636561, 'value_bytes': 16000000, 'metadata_bytes': 2738696, 'delta_bytes': 0, 'reserved_slack_bytes': 0, 'accounted_bytes': 24375257, 'estimated': False} {'key_bytes': 2.8182805, 'value_bytes': 8.0, 'metadata_bytes': 1.369348, 'accounted_bytes': 12.1876285}
packed_rank {'key_bytes': 5636561, 'value_bytes': 16000000, 'metadata_bytes': 1141040, 'delta_bytes': 0, 'reserved_slack_bytes': 0, 'accounted_bytes': 22777601, 'estimated': False} {'key_bytes': 2.8182805, 'value_bytes': 8.0, 'metadata_bytes': 0.57052, 'accounted_bytes': 11.3888005}
wise flow_regions 4 0.8% D99 raw/flow 3.03 3.03
fb flow_regions 41 8.4% D99 raw/flow 8.45 8.46
genome flow_regions 8 1.6% D99 raw/flow 4.23 4.23
books flow_regions 26 5.3% D99 raw/flow 3.28 3.28
planet flow_regions 43 8.8% D99 raw/flow 7.66 7.65
libio flow_regions 21 4.3% D99 raw/flow 3.37 3.36
stack flow_regions 1 0.2% D99 raw/flow 3.01 3.01
covid flow_regions 17 3.5% D99 raw/flow 3.16 3.14
history flow_regions 13 2.7% D99 raw/flow 3.1 3.1
osm flow_regions 7 1.4% D99 raw/flow 36.16 36.98
fb packed_rank_fusion_auto smoothing_s 124.151640418
osm packed_rank_vp10 smoothing_s 27.751647705
fb packed_rank_vp10 smoothing_s 36.936466033
osm packed_rank_fusion_auto smoothing_s 104.827045596
clustered paired speedup vp10 1.0004 relearn 1.0059 relearn/vp10 throughput 1.0062
dense_sparse paired speedup vp10 1.0279 relearn 1.032 relearn/vp10 throughput 1.0239
locally_hard paired speedup vp10 1.0588 relearn 1.0145 relearn/vp10 throughput 0.9587
lognormal paired speedup vp10 0.9897 relearn 0.9842 relearn/vp10 throughput 0.9636
counts [1, 1, 1, 1, 1, 2, 3, 4, 6] code idx 8 -> 5 | paper t=INT(m*0.99)= 8 ascending t-th (1-based) -> 3 descending t-th largest -> 0
