=== A. Conflict degree / tail conflict degree on 10 keys ===
n=10 keys=[10, 11, 12, 13, 30, 31, 55, 80, 81, 100]
least squares rank ~ a*key + b: a=0.084238 b=0.936719
key   rank  a*k+b     pos(paper,round)  pos(ours,floor,shifted)
  10     0     1.779       2       0
  11     1     1.863       2       0
  12     2     1.948       2       0
  13     3     2.032       2       0
  30     4     3.464       3       2
  31     5     3.548       4       2
  55     6     5.570       6       4
  80     7     7.676       8       6
  81     8     7.760       8       6
 100     9     9.361       9       8
-- paper rounding: occupied positions m=6
   position 2: D_j = 4
   position 3: D_j = 1
   position 4: D_j = 1
   position 6: D_j = 1
   position 8: D_j = 2
   position 9: D_j = 1
   sorted D_j ascending: [1, 1, 1, 1, 2, 4]
   t = INT(m*gamma) = INT(6*0.99) = 5
   D99 (paper, t-th value in ascending order, 1-based) = 2
   D99 (paper, t-th LARGEST) = 1  <- alternative reading
   ours: idx = ceil(0.99*6)-1 = 5; counts[idx]-1 = 3  (collisions, i.e. keys minus one)
   max D_j = 4
-- our floor/shift with capacity 1.5n (max_size=9): occupied positions m=5
   position 0: D_j = 4
   position 2: D_j = 2
   position 4: D_j = 1
   position 6: D_j = 2
   position 8: D_j = 1
   sorted D_j ascending: [1, 1, 2, 2, 4]
   t = INT(m*gamma) = INT(5*0.99) = 4
   D99 (paper, t-th value in ascending order, 1-based) = 2
   D99 (paper, t-th LARGEST) = 1  <- alternative reading
   ours: idx = ceil(0.99*5)-1 = 4; counts[idx]-1 = 3  (collisions, i.e. keys minus one)
   max D_j = 4

=== B. Algorithm 3.1 feature expansion ===
X=[1000, 1500, 2500, 4000] theta=10 mu=1000 sigma=(max-min)/theta=300.0
key 1000: x_norm=0.0000  d=2 -> [0, 0.0]   d=4 (as printed) -> [0, 0, 0, 0.0]   d=4 (digit reading) -> [0, 0, 0, 0.0]
key 1500: x_norm=1.6667  d=2 -> [1, 0.6666666666666667]   d=4 (as printed) -> [1, 1, 6, 0.6666666666666785]   d=4 (digit reading) -> [1, 6, 6, 0.6666666666666785]
key 2500: x_norm=5.0000  d=2 -> [5, 0.0]   d=4 (as printed) -> [5, 5, 0, 0.0]   d=4 (digit reading) -> [5, 0, 0, 0.0]
key 4000: x_norm=10.0000  d=2 -> [10, 0.0]   d=4 (as printed) -> [10, 10, 0, 0.0]   d=4 (digit reading) -> [10, 0, 0, 0.0]
x=2.71828 theta=10 d=4 digit reading -> [2, 7, 1, 0.828000000000003]
our code encoder for x=2.71828 (in_dim=2): [x, x-floor(x)] = [2.71828, 0.71828]

=== C. Forward pass of results/aidb/flows/fb_2D2H2L.txt ===
mean=15162980.0 var=1207648189.703125  -> key span mean..mean+64*var = 15162980..77304647121
key=15162980 x=0.0000 feat=(0.0000,0.0000) u=(0.00000,0.00000) h=(0.00000,0.00000) out=(0.00000,0.00000) z=0.00000 dz/dx=0.02737
key=19337534015 x=16.0000 feat=(16.0000,0.0000) u=(0.09369,0.09375) h=(0.09342,0.09347) out=(0.25777,0.17890) z=0.43667 dz/dx=0.02713
key=38659905050 x=32.0000 feat=(32.0000,0.0000) u=(0.18738,0.18750) h=(0.18522,0.18533) out=(0.51108,0.35471) z=0.86579 dz/dx=0.02643
key=57982276086 x=48.0000 feat=(48.0000,0.0000) u=(0.28107,0.28125) h=(0.27389,0.27406) out=(0.75576,0.52453) z=1.28029 dz/dx=0.02532
key=77304647121 x=64.0000 feat=(64.0000,0.0000) u=(0.37476,0.37499) h=(0.35815,0.35835) out=(0.98823,0.68587) z=1.67411 dz/dx=0.02386
z(min)=0.00000 z(max)=1.67411; max |z - chord| over 65 grid points = 0.02936 (relative to range 1.67411: 0.0175)

=== D. Change of variables in 1-D ===
X~Exp(1): x=0.1 z=F(x)=0.09516 dz/dx=0.90484 -> p_Z(z)*|dz/dx| = 1*0.90484 = p_X(x)=e^-x=0.90484
X~Exp(1): x=0.5 z=F(x)=0.39347 dz/dx=0.60653 -> p_Z(z)*|dz/dx| = 1*0.60653 = p_X(x)=e^-x=0.60653
X~Exp(1): x=2.0 z=F(x)=0.86466 dz/dx=0.13534 -> p_Z(z)*|dz/dx| = 1*0.13534 = p_X(x)=e^-x=0.13534
NLL per key under N(0,1) target: 0.5*z^2 - log|dz/dx| + 0.5*log(2*pi); e.g. z=0.3, dz/dx=2 -> 0.2707913526447274

=== E. Table 2 arithmetic ===
2H2L(8): batch1/batch256 = 20.23x ; batch1/batch2048 = 23.26x ; batch256 vs 2H2L = 1.00x
2H4L(16): batch1/batch256 = 17.77x ; batch1/batch2048 = 19.60x ; batch256 vs 2H2L = 2.58x
4H3L(32): batch1/batch256 = 13.61x ; batch1/batch2048 = 14.55x ; batch256 vs 2H2L = 2.81x
4H4L(48): batch1/batch256 = 13.23x ; batch1/batch2048 = 14.17x ; batch256 vs 2H2L = 4.18x
parameter counts: 2D2H2L = 8 ; 2H4L = 16 ; 4H3L = 32 ; 4H4L = 48
throughput ceiling from transform alone at batch 1 (2H2L): 1e9/169.53 = 5.90 Mops; at batch 256: 119.3 Mops

=== F. Table 1 arithmetic ===
LLT: throughput x1.41; predictions x1.23 fewer; errors x7.79 fewer; errors per prediction 7.41 -> 1.18
FB: throughput x2.22; predictions x4.90 fewer; errors x2.05 fewer; errors per prediction 1.89 -> 4.51

=== G. Table 3 arithmetic ===
LTD: load raw 8 -> flow 4 (x2.0); run raw 7 -> flow 4; flow larger? False; flow strictly smaller? True
LLT: load raw 146 -> flow 4 (x36.5); run raw 147 -> flow 5; flow larger? False; flow strictly smaller? True
LGN: load raw 14 -> flow 4 (x3.5); run raw 13 -> flow 4; flow larger? False; flow strictly smaller? True
YCSB: load raw 3 -> flow 4 (x0.8); run raw 3 -> flow 4; flow larger? True; flow strictly smaller? False
AMZN: load raw 4 -> flow 4 (x1.0); run raw 4 -> flow 4; flow larger? False; flow strictly smaller? False
FB: load raw 386 -> flow 4 (x96.5); run raw 454 -> flow 4; flow larger? False; flow strictly smaller? True
WIKI: load raw 2 -> flow 4 (x0.5); run raw 1 -> flow 4; flow larger? True; flow strictly smaller? False

=== H. Bulk load arithmetic ===
13.42 s / 100M keys = 134.2 ns/key overall; 77% transform = 10.33 s = 103.3 ns/key
Table 2 batch-256 2H2L: 8.38 ns/key -> 100M keys = 0.84 s
