[1/90] fb / read_only / packed_rank seed=47 repeat=0
[2/90] wise / read_only / packed_rank seed=11 repeat=0
[3/90] planet / read_only / packed_rank_root_vf4 seed=47 repeat=0
[4/90] libio / read_only / packed_rank_root_vf4 seed=47 repeat=0
[5/90] stack / read_only / packed_rank_root_joint seed=11 repeat=0
[6/90] books / read_only / packed_rank_root_vf4 seed=47 repeat=0
[7/90] genome / read_only / packed_rank_root_joint seed=29 repeat=0
[8/90] wise / read_only / packed_rank_root_joint seed=47 repeat=0
[9/90] genome / read_only / packed_rank_root_vf4 seed=29 repeat=0
[10/90] covid / read_only / packed_rank seed=29 repeat=0
[11/90] covid / read_only / packed_rank_root_vf4 seed=11 repeat=0
[12/90] genome / read_only / packed_rank seed=29 repeat=0
[13/90] stack / read_only / packed_rank_root_vf4 seed=29 repeat=0
[14/90] wise / read_only / packed_rank_root_vf4 seed=11 repeat=0
[15/90] osm / read_only / packed_rank_root_joint seed=47 repeat=0
[16/90] fb / read_only / packed_rank_root_joint seed=29 repeat=0
[17/90] books / read_only / packed_rank_root_joint seed=47 repeat=0
[18/90] genome / read_only / packed_rank_root_vf4 seed=11 repeat=0
[19/90] stack / read_only / packed_rank seed=29 repeat=0
[20/90] fb / read_only / packed_rank_root_vf4 seed=29 repeat=0
[21/90] osm / read_only / packed_rank seed=29 repeat=0
[22/90] history / read_only / packed_rank_root_vf4 seed=29 repeat=0
[23/90] fb / read_only / packed_rank_root_vf4 seed=47 repeat=0
[24/90] stack / read_only / packed_rank seed=47 repeat=0
[25/90] libio / read_only / packed_rank_root_vf4 seed=11 repeat=0
[26/90] history / read_only / packed_rank_root_vf4 seed=11 repeat=0
[27/90] fb / read_only / packed_rank seed=29 repeat=0
[28/90] covid / read_only / packed_rank seed=11 repeat=0
[29/90] covid / read_only / packed_rank_root_joint seed=11 repeat=0
[30/90] wise / read_only / packed_rank_root_joint seed=29 repeat=0
[31/90] history / read_only / packed_rank seed=47 repeat=0
[32/90] history / read_only / packed_rank_root_joint seed=47 repeat=0
[33/90] libio / read_only / packed_rank_root_vf4 seed=29 repeat=0
[34/90] books / read_only / packed_rank_root_joint seed=11 repeat=0
[35/90] planet / read_only / packed_rank_root_joint seed=47 repeat=0
[36/90] planet / read_only / packed_rank_root_joint seed=29 repeat=0
[37/90] wise / read_only / packed_rank seed=47 repeat=0
[38/90] covid / read_only / packed_rank_root_joint seed=47 repeat=0
[39/90] genome / read_only / packed_rank seed=11 repeat=0
[40/90] covid / read_only / packed_rank_root_joint seed=29 repeat=0
[41/90] stack / read_only / packed_rank_root_vf4 seed=11 repeat=0
[42/90] genome / read_only / packed_rank seed=47 repeat=0
[43/90] books / read_only / packed_rank seed=47 repeat=0
[44/90] fb / read_only / packed_rank_root_vf4 seed=11 repeat=0
[45/90] books / read_only / packed_rank_root_joint seed=29 repeat=0
[46/90] covid / read_only / packed_rank_root_vf4 seed=47 repeat=0
[47/90] wise / read_only / packed_rank_root_joint seed=11 repeat=0
[48/90] planet / read_only / packed_rank seed=29 repeat=0
[49/90] stack / read_only / packed_rank_root_joint seed=29 repeat=0
[50/90] books / read_only / packed_rank_root_vf4 seed=29 repeat=0
[51/90] osm / read_only / packed_rank_root_vf4 seed=11 repeat=0
[52/90] osm / read_only / packed_rank_root_joint seed=29 repeat=0
[53/90] planet / read_only / packed_rank seed=11 repeat=0
[54/90] planet / read_only / packed_rank_root_joint seed=11 repeat=0
[55/90] history / read_only / packed_rank seed=11 repeat=0
[56/90] libio / read_only / packed_rank seed=47 repeat=0
[57/90] osm / read_only / packed_rank seed=47 repeat=0
[58/90] stack / read_only / packed_rank_root_joint seed=47 repeat=0
[59/90] wise / read_only / packed_rank_root_vf4 seed=29 repeat=0
[60/90] covid / read_only / packed_rank_root_vf4 seed=29 repeat=0
[61/90] libio / read_only / packed_rank seed=29 repeat=0
[62/90] fb / read_only / packed_rank_root_joint seed=11 repeat=0
[63/90] stack / read_only / packed_rank_root_vf4 seed=47 repeat=0
[64/90] wise / read_only / packed_rank seed=29 repeat=0
[65/90] osm / read_only / packed_rank_root_vf4 seed=29 repeat=0
[66/90] history / read_only / packed_rank seed=29 repeat=0
[67/90] libio / read_only / packed_rank_root_joint seed=29 repeat=0
[68/90] osm / read_only / packed_rank seed=11 repeat=0
[69/90] books / read_only / packed_rank_root_vf4 seed=11 repeat=0
[70/90] books / read_only / packed_rank seed=11 repeat=0
[71/90] genome / read_only / packed_rank_root_joint seed=11 repeat=0
[72/90] stack / read_only / packed_rank seed=11 repeat=0
[73/90] planet / read_only / packed_rank_root_vf4 seed=11 repeat=0
[74/90] libio / read_only / packed_rank seed=11 repeat=0
[75/90] fb / read_only / packed_rank_root_joint seed=47 repeat=0
[76/90] libio / read_only / packed_rank_root_joint seed=11 repeat=0
[77/90] planet / read_only / packed_rank_root_vf4 seed=29 repeat=0
[78/90] history / read_only / packed_rank_root_vf4 seed=47 repeat=0
[79/90] wise / read_only / packed_rank_root_vf4 seed=47 repeat=0
[80/90] planet / read_only / packed_rank seed=47 repeat=0
[81/90] history / read_only / packed_rank_root_joint seed=11 repeat=0
[82/90] books / read_only / packed_rank seed=29 repeat=0
[83/90] genome / read_only / packed_rank_root_joint seed=47 repeat=0
[84/90] libio / read_only / packed_rank_root_joint seed=47 repeat=0
[85/90] covid / read_only / packed_rank seed=47 repeat=0
[86/90] osm / read_only / packed_rank_root_joint seed=11 repeat=0
[87/90] genome / read_only / packed_rank_root_vf4 seed=47 repeat=0
[88/90] history / read_only / packed_rank_root_joint seed=29 repeat=0
[89/90] osm / read_only / packed_rank_root_vf4 seed=47 repeat=0
[90/90] fb / read_only / packed_rank seed=11 repeat=0
results/aidb_jointrun/sweep/results.jsonl
