-- The CXX compiler identification is GNU 14.2.0
-- Detecting CXX compiler ABI info
-- Detecting CXX compiler ABI info - done
-- Check for working CXX compiler: /usr/bin/c++ - skipped
-- Detecting CXX compile features
-- Detecting CXX compile features - done
-- Configuring done (0.3s)
-- Generating done (0.0s)
-- Build files have been written to: /mnt/data/scaleli_sota/build
[ 25%] Building CXX object CMakeFiles/radix_walkthrough.dir/native/radix_walkthrough.cpp.o
[ 25%] Building CXX object experimental/scaleli/CMakeFiles/scaleli_tests.dir/tests/test_main.cpp.o
/mnt/data/scaleli_sota/experimental/scaleli/tests/test_main.cpp: In function 'void codecs()':
/mnt/data/scaleli_sota/experimental/scaleli/tests/test_main.cpp:29:177: warning: conversion from 'std::vector<unsigned char>::size_type' {aka 'long unsigned int'} to 'double' may change value [-Wconversion]
   29 |             for(std::size_t i=0;i<n;++i){CHECK(key_at(e.bytes,i)==keys[i]);CHECK(encoded_position(e.bytes,i)==e.key_positions[i]);CHECK(encoded_position(e.bytes,i)<e.bytes.size());}
      |                                                                                                                                                                     ~~~~~~~~~~~~^~
/mnt/data/scaleli_sota/experimental/scaleli/tests/test_main.cpp:10:39: note: in definition of macro 'CHECK'
   10 | #define CHECK(x) do{++assertions;if(!(x))throw std::runtime_error(std::string("CHECK failed: ")+ #x + " line " + std::to_string(__LINE__));}while(false)
      |                                       ^
[ 37%] Linking CXX executable radix_walkthrough
[ 37%] Built target radix_walkthrough
[ 50%] Building CXX object experimental/scaleli/CMakeFiles/scaleli_bench.dir/src/benchmark.cpp.o
[ 62%] Linking CXX executable scaleli_tests
[ 62%] Built target scaleli_tests
[ 75%] Building CXX object experimental/scaleli/CMakeFiles/scaleli_example.dir/examples/basic.cpp.o
[ 87%] Linking CXX executable scaleli_example
[ 87%] Built target scaleli_example
[100%] Linking CXX executable scaleli_bench
[100%] Built target scaleli_bench
