[1/140] history / read_only / packed_rank_fusion_auto seed=29 repeat=0
[2/140] libio / read_only / packed_rank_flow_forced seed=11 repeat=0
[3/140] fb / read_only / packed_rank_fusion_auto seed=29 repeat=0
[4/140] planet / read_only / packed_rank_flow_forced seed=11 repeat=0
[5/140] history / read_only / packed_rank_vp10 seed=29 repeat=0
[6/140] wise / read_only / packed_rank_vp10 seed=29 repeat=0
[7/140] osm / read_only / packed_rank_flow seed=11 repeat=0
[8/140] fb / read_only / packed_rank_vp10 seed=11 repeat=0
[9/140] libio / read_only / packed_rank_root_flow seed=11 repeat=0
[10/140] wise / read_only / packed_rank_root_flow seed=11 repeat=0
[11/140] osm / read_only / packed_rank_root_flow seed=11 repeat=0
[12/140] libio / read_only / packed_rank_fusion_auto seed=29 repeat=0
[13/140] fb / read_only / packed_rank seed=11 repeat=0
[14/140] fb / read_only / packed_rank_root_fusion seed=11 repeat=0
[15/140] fb / read_only / packed_rank_vp10 seed=29 repeat=0
[16/140] fb / read_only / packed_rank_flow_forced seed=11 repeat=0
[17/140] planet / read_only / packed_rank_fusion_auto seed=11 repeat=0
[18/140] wise / read_only / packed_rank_root_flow seed=29 repeat=0
[19/140] wise / read_only / packed_rank_flow_forced seed=29 repeat=0
[20/140] osm / read_only / packed_rank_root_flow seed=29 repeat=0
[21/140] genome / read_only / packed_rank_root_flow seed=29 repeat=0
[22/140] osm / read_only / packed_rank_fusion_auto seed=11 repeat=0
[23/140] covid / read_only / packed_rank_root_flow seed=29 repeat=0
[24/140] wise / read_only / packed_rank_flow seed=29 repeat=0
[25/140] history / read_only / packed_rank seed=29 repeat=0
[26/140] history / read_only / packed_rank_root_flow seed=29 repeat=0
[27/140] covid / read_only / packed_rank_fusion_auto seed=11 repeat=0
[28/140] genome / read_only / packed_rank_flow_forced seed=11 repeat=0
[29/140] history / read_only / packed_rank_flow seed=11 repeat=0
[30/140] stack / read_only / packed_rank_flow seed=11 repeat=0
[31/140] stack / read_only / packed_rank seed=29 repeat=0
[32/140] history / read_only / packed_rank_root_flow seed=11 repeat=0
[33/140] planet / read_only / packed_rank_root_flow seed=11 repeat=0
[34/140] books / read_only / packed_rank_root_flow seed=11 repeat=0
[35/140] books / read_only / packed_rank_root_fusion seed=29 repeat=0
[36/140] osm / read_only / packed_rank seed=11 repeat=0
[37/140] genome / read_only / packed_rank_root_fusion seed=11 repeat=0
[38/140] genome / read_only / packed_rank_vp10 seed=29 repeat=0
[39/140] books / read_only / packed_rank_vp10 seed=29 repeat=0
[40/140] genome / read_only / packed_rank seed=11 repeat=0
[41/140] books / read_only / packed_rank_root_flow seed=29 repeat=0
[42/140] libio / read_only / packed_rank_root_flow seed=29 repeat=0
[43/140] stack / read_only / packed_rank seed=11 repeat=0
[44/140] covid / read_only / packed_rank_flow seed=29 repeat=0
[45/140] planet / read_only / packed_rank seed=11 repeat=0
[46/140] stack / read_only / packed_rank_vp10 seed=29 repeat=0
[47/140] stack / read_only / packed_rank_vp10 seed=11 repeat=0
[48/140] books / read_only / packed_rank_vp10 seed=11 repeat=0
[49/140] libio / read_only / packed_rank_vp10 seed=11 repeat=0
[50/140] books / read_only / packed_rank_fusion_auto seed=29 repeat=0
[51/140] wise / read_only / packed_rank_flow seed=11 repeat=0
[52/140] osm / read_only / packed_rank_flow seed=29 repeat=0
[53/140] planet / read_only / packed_rank_root_fusion seed=29 repeat=0
[54/140] covid / read_only / packed_rank_vp10 seed=11 repeat=0
[55/140] fb / read_only / packed_rank_root_flow seed=11 repeat=0
[56/140] stack / read_only / packed_rank_fusion_auto seed=11 repeat=0
[57/140] osm / read_only / packed_rank_fusion_auto seed=29 repeat=0
[58/140] wise / read_only / packed_rank_fusion_auto seed=11 repeat=0
[59/140] libio / read_only / packed_rank_root_fusion seed=29 repeat=0
[60/140] genome / read_only / packed_rank_fusion_auto seed=11 repeat=0
[61/140] libio / read_only / packed_rank_root_fusion seed=11 repeat=0
[62/140] covid / read_only / packed_rank_root_flow seed=11 repeat=0
[63/140] libio / read_only / packed_rank seed=11 repeat=0
[64/140] fb / read_only / packed_rank_flow seed=29 repeat=0
[65/140] genome / read_only / packed_rank_flow seed=11 repeat=0
[66/140] osm / read_only / packed_rank_vp10 seed=11 repeat=0
[67/140] osm / read_only / packed_rank_vp10 seed=29 repeat=0
[68/140] stack / read_only / packed_rank_flow_forced seed=29 repeat=0
[69/140] history / read_only / packed_rank_flow_forced seed=29 repeat=0
[70/140] covid / read_only / packed_rank_root_fusion seed=29 repeat=0
[71/140] wise / read_only / packed_rank seed=11 repeat=0
[72/140] genome / read_only / packed_rank seed=29 repeat=0
[73/140] stack / read_only / packed_rank_flow seed=29 repeat=0
[74/140] osm / read_only / packed_rank seed=29 repeat=0
[75/140] planet / read_only / packed_rank_root_flow seed=29 repeat=0
[76/140] stack / read_only / packed_rank_root_flow seed=11 repeat=0
[77/140] fb / read_only / packed_rank_root_fusion seed=29 repeat=0
[78/140] wise / read_only / packed_rank seed=29 repeat=0
[79/140] stack / read_only / packed_rank_root_flow seed=29 repeat=0
[80/140] planet / read_only / packed_rank_fusion_auto seed=29 repeat=0
[81/140] books / read_only / packed_rank_root_fusion seed=11 repeat=0
[82/140] libio / read_only / packed_rank_flow_forced seed=29 repeat=0
[83/140] osm / read_only / packed_rank_flow_forced seed=11 repeat=0
[84/140] books / read_only / packed_rank_flow seed=11 repeat=0
[85/140] planet / read_only / packed_rank seed=29 repeat=0
[86/140] history / read_only / packed_rank_flow seed=29 repeat=0
[87/140] history / read_only / packed_rank seed=11 repeat=0
[88/140] history / read_only / packed_rank_flow_forced seed=11 repeat=0
[89/140] genome / read_only / packed_rank_root_fusion seed=29 repeat=0
[90/140] planet / read_only / packed_rank_vp10 seed=29 repeat=0
[91/140] history / read_only / packed_rank_vp10 seed=11 repeat=0
[92/140] books / read_only / packed_rank_flow seed=29 repeat=0
[93/140] fb / read_only / packed_rank_root_flow seed=29 repeat=0
[94/140] fb / read_only / packed_rank seed=29 repeat=0
[95/140] genome / read_only / packed_rank_fusion_auto seed=29 repeat=0
[96/140] planet / read_only / packed_rank_root_fusion seed=11 repeat=0
[97/140] covid / read_only / packed_rank_flow_forced seed=29 repeat=0
[98/140] libio / read_only / packed_rank_fusion_auto seed=11 repeat=0
[99/140] books / read_only / packed_rank_fusion_auto seed=11 repeat=0
[100/140] covid / read_only / packed_rank seed=29 repeat=0
[101/140] covid / read_only / packed_rank_fusion_auto seed=29 repeat=0
[102/140] wise / read_only / packed_rank_vp10 seed=11 repeat=0
[103/140] books / read_only / packed_rank seed=29 repeat=0
[104/140] libio / read_only / packed_rank_vp10 seed=29 repeat=0
[105/140] osm / read_only / packed_rank_root_fusion seed=11 repeat=0
[106/140] osm / read_only / packed_rank_root_fusion seed=29 repeat=0
[107/140] planet / read_only / packed_rank_flow seed=11 repeat=0
[108/140] wise / read_only / packed_rank_fusion_auto seed=29 repeat=0
[109/140] genome / read_only / packed_rank_vp10 seed=11 repeat=0
[110/140] osm / read_only / packed_rank_flow_forced seed=29 repeat=0
[111/140] wise / read_only / packed_rank_flow_forced seed=11 repeat=0
[112/140] covid / read_only / packed_rank_flow_forced seed=11 repeat=0
[113/140] fb / read_only / packed_rank_fusion_auto seed=11 repeat=0
[114/140] wise / read_only / packed_rank_root_fusion seed=11 repeat=0
[115/140] stack / read_only / packed_rank_flow_forced seed=11 repeat=0
[116/140] genome / read_only / packed_rank_flow seed=29 repeat=0
[117/140] wise / read_only / packed_rank_root_fusion seed=29 repeat=0
[118/140] libio / read_only / packed_rank_flow seed=11 repeat=0
[119/140] libio / read_only / packed_rank seed=29 repeat=0
[120/140] books / read_only / packed_rank_flow_forced seed=29 repeat=0
[121/140] history / read_only / packed_rank_fusion_auto seed=11 repeat=0
[122/140] books / read_only / packed_rank seed=11 repeat=0
[123/140] covid / read_only / packed_rank seed=11 repeat=0
[124/140] stack / read_only / packed_rank_root_fusion seed=11 repeat=0
[125/140] genome / read_only / packed_rank_root_flow seed=11 repeat=0
[126/140] covid / read_only / packed_rank_root_fusion seed=11 repeat=0
[127/140] fb / read_only / packed_rank_flow_forced seed=29 repeat=0
[128/140] stack / read_only / packed_rank_fusion_auto seed=29 repeat=0
[129/140] planet / read_only / packed_rank_flow_forced seed=29 repeat=0
[130/140] history / read_only / packed_rank_root_fusion seed=11 repeat=0
[131/140] planet / read_only / packed_rank_flow seed=29 repeat=0
[132/140] books / read_only / packed_rank_flow_forced seed=11 repeat=0
[133/140] libio / read_only / packed_rank_flow seed=29 repeat=0
[134/140] stack / read_only / packed_rank_root_fusion seed=29 repeat=0
[135/140] genome / read_only / packed_rank_flow_forced seed=29 repeat=0
[136/140] covid / read_only / packed_rank_vp10 seed=29 repeat=0
[137/140] history / read_only / packed_rank_root_fusion seed=29 repeat=0
[138/140] planet / read_only / packed_rank_vp10 seed=11 repeat=0
[139/140] covid / read_only / packed_rank_flow seed=11 repeat=0
[140/140] fb / read_only / packed_rank_flow seed=11 repeat=0
results/aidb_flowv2/sweep/results.jsonl
