[1/108] lognormal / read_only / adaptive_byte seed=11 repeat=0
[2/108] dense_sparse / read_only / packed_byte seed=11 repeat=0
[3/108] lognormal / read_only / sorted_vector seed=29 repeat=0
[4/108] lognormal / scan_heavy / smooth_byte seed=29 repeat=0
[5/108] lognormal / scan_heavy / ordered_map seed=29 repeat=0
[6/108] dense_sparse / read_only / raw_rank seed=29 repeat=0
[7/108] dense_sparse / scan_heavy / adaptive_byte seed=29 repeat=0
[8/108] dense_sparse / read_only / packed_rank seed=11 repeat=0
[9/108] dense_sparse / read_only / adaptive_byte seed=11 repeat=0
[10/108] dense_sparse / scan_heavy / packed_byte seed=11 repeat=0
[11/108] lognormal / read_heavy / packed_binary seed=29 repeat=0
[12/108] dense_sparse / read_heavy / sorted_vector seed=29 repeat=0
[13/108] dense_sparse / read_heavy / packed_binary seed=11 repeat=0
[14/108] lognormal / scan_heavy / adaptive_byte seed=11 repeat=0
[15/108] dense_sparse / read_only / ordered_map seed=11 repeat=0
[16/108] lognormal / read_only / raw_binary seed=29 repeat=0
[17/108] dense_sparse / scan_heavy / ordered_map seed=11 repeat=0
[18/108] lognormal / read_only / smooth_byte seed=29 repeat=0
[19/108] lognormal / read_heavy / raw_rank seed=29 repeat=0
[20/108] lognormal / read_only / ordered_map seed=29 repeat=0
[21/108] lognormal / read_heavy / packed_byte seed=11 repeat=0
[22/108] dense_sparse / read_heavy / smooth_byte seed=11 repeat=0
[23/108] dense_sparse / read_heavy / ordered_map seed=11 repeat=0
[24/108] dense_sparse / read_only / packed_rank seed=29 repeat=0
[25/108] lognormal / scan_heavy / packed_byte seed=11 repeat=0
[26/108] lognormal / read_only / packed_binary seed=29 repeat=0
[27/108] lognormal / read_heavy / ordered_map seed=11 repeat=0
[28/108] lognormal / read_heavy / raw_binary seed=29 repeat=0
[29/108] lognormal / read_only / ordered_map seed=11 repeat=0
[30/108] lognormal / read_heavy / packed_byte seed=29 repeat=0
[31/108] lognormal / read_heavy / packed_rank seed=29 repeat=0
[32/108] dense_sparse / scan_heavy / sorted_vector seed=29 repeat=0
[33/108] lognormal / read_heavy / adaptive_byte seed=29 repeat=0
[34/108] lognormal / read_only / raw_binary seed=11 repeat=0
[35/108] lognormal / scan_heavy / raw_binary seed=11 repeat=0
[36/108] lognormal / scan_heavy / adaptive_byte seed=29 repeat=0
[37/108] lognormal / read_heavy / ordered_map seed=29 repeat=0
[38/108] dense_sparse / read_heavy / adaptive_byte seed=29 repeat=0
[39/108] lognormal / read_only / packed_rank seed=11 repeat=0
[40/108] lognormal / scan_heavy / ordered_map seed=11 repeat=0
[41/108] dense_sparse / read_heavy / packed_byte seed=11 repeat=0
[42/108] dense_sparse / scan_heavy / packed_rank seed=29 repeat=0
[43/108] dense_sparse / read_heavy / packed_binary seed=29 repeat=0
[44/108] dense_sparse / scan_heavy / ordered_map seed=29 repeat=0
[45/108] lognormal / read_only / adaptive_byte seed=29 repeat=0
[46/108] dense_sparse / read_heavy / packed_rank seed=11 repeat=0
[47/108] dense_sparse / read_heavy / adaptive_byte seed=11 repeat=0
[48/108] dense_sparse / read_only / smooth_byte seed=11 repeat=0
[49/108] lognormal / read_heavy / smooth_byte seed=11 repeat=0
[50/108] dense_sparse / read_heavy / ordered_map seed=29 repeat=0
[51/108] dense_sparse / read_only / packed_byte seed=29 repeat=0
[52/108] lognormal / scan_heavy / sorted_vector seed=29 repeat=0
[53/108] lognormal / read_heavy / packed_binary seed=11 repeat=0
[54/108] lognormal / read_heavy / smooth_byte seed=29 repeat=0
[55/108] lognormal / read_heavy / packed_rank seed=11 repeat=0
[56/108] lognormal / read_heavy / sorted_vector seed=29 repeat=0
[57/108] lognormal / read_heavy / adaptive_byte seed=11 repeat=0
[58/108] dense_sparse / read_heavy / smooth_byte seed=29 repeat=0
[59/108] lognormal / scan_heavy / packed_byte seed=29 repeat=0
[60/108] dense_sparse / read_only / raw_rank seed=11 repeat=0
[61/108] dense_sparse / scan_heavy / sorted_vector seed=11 repeat=0
[62/108] lognormal / scan_heavy / raw_binary seed=29 repeat=0
[63/108] lognormal / read_only / smooth_byte seed=11 repeat=0
[64/108] dense_sparse / read_only / raw_binary seed=11 repeat=0
[65/108] lognormal / read_heavy / sorted_vector seed=11 repeat=0
[66/108] lognormal / read_heavy / raw_binary seed=11 repeat=0
[67/108] dense_sparse / read_only / raw_binary seed=29 repeat=0
[68/108] dense_sparse / read_heavy / raw_rank seed=29 repeat=0
[69/108] dense_sparse / read_only / smooth_byte seed=29 repeat=0
[70/108] lognormal / scan_heavy / raw_rank seed=29 repeat=0
[71/108] dense_sparse / scan_heavy / packed_binary seed=29 repeat=0
[72/108] dense_sparse / read_only / packed_binary seed=11 repeat=0
[73/108] dense_sparse / scan_heavy / raw_rank seed=29 repeat=0
[74/108] lognormal / scan_heavy / packed_binary seed=11 repeat=0
[75/108] lognormal / scan_heavy / packed_binary seed=29 repeat=0
[76/108] dense_sparse / scan_heavy / raw_binary seed=11 repeat=0
[77/108] lognormal / scan_heavy / raw_rank seed=11 repeat=0
[78/108] dense_sparse / scan_heavy / packed_byte seed=29 repeat=0
[79/108] lognormal / scan_heavy / packed_rank seed=29 repeat=0
[80/108] dense_sparse / read_heavy / packed_byte seed=29 repeat=0
[81/108] lognormal / scan_heavy / packed_rank seed=11 repeat=0
[82/108] dense_sparse / read_heavy / raw_binary seed=11 repeat=0
[83/108] dense_sparse / scan_heavy / packed_rank seed=11 repeat=0
[84/108] lognormal / read_only / raw_rank seed=29 repeat=0
[85/108] dense_sparse / read_heavy / sorted_vector seed=11 repeat=0
[86/108] dense_sparse / read_only / ordered_map seed=29 repeat=0
[87/108] lognormal / read_heavy / raw_rank seed=11 repeat=0
[88/108] dense_sparse / read_only / sorted_vector seed=11 repeat=0
[89/108] dense_sparse / scan_heavy / raw_rank seed=11 repeat=0
[90/108] lognormal / scan_heavy / sorted_vector seed=11 repeat=0
[91/108] lognormal / read_only / packed_byte seed=11 repeat=0
[92/108] lognormal / read_only / sorted_vector seed=11 repeat=0
[93/108] dense_sparse / read_only / adaptive_byte seed=29 repeat=0
[94/108] lognormal / read_only / raw_rank seed=11 repeat=0
[95/108] lognormal / read_only / packed_byte seed=29 repeat=0
[96/108] dense_sparse / scan_heavy / smooth_byte seed=11 repeat=0
[97/108] lognormal / scan_heavy / smooth_byte seed=11 repeat=0
[98/108] lognormal / read_only / packed_rank seed=29 repeat=0
[99/108] dense_sparse / scan_heavy / smooth_byte seed=29 repeat=0
[100/108] dense_sparse / read_only / sorted_vector seed=29 repeat=0
[101/108] dense_sparse / scan_heavy / packed_binary seed=11 repeat=0
[102/108] lognormal / read_only / packed_binary seed=11 repeat=0
[103/108] dense_sparse / read_heavy / packed_rank seed=29 repeat=0
[104/108] dense_sparse / read_heavy / raw_rank seed=11 repeat=0
[105/108] dense_sparse / scan_heavy / raw_binary seed=29 repeat=0
[106/108] dense_sparse / scan_heavy / adaptive_byte seed=11 repeat=0
[107/108] dense_sparse / read_heavy / raw_binary seed=29 repeat=0
[108/108] dense_sparse / read_only / packed_binary seed=29 repeat=0
