cmd: OMP_NUM_THREADS=1 /Users/louisvasseur/Downloads/scaleli_sota/experimental/scaleli/results/gre_mac_2026-10-06/warmup_pub/bin/microbench --keys_file=/Users/louisvasseur/Downloads/scaleli_sota/experimental/scaleli/data/external/gre/stack.sorted --keys_file_type=binary --read=1 --insert=0 --operations_num=100000000 --table_size=-1 --init_table_ratio=1 --thread_num=1 --memory --index=pgm --output_path=/Users/louisvasseur/Downloads/scaleli_sota/experimental/scaleli/results/gre_mac_2026-10-06/warmup_pub/gre_out.csv --warmup_num=20000000
keys_file = /Users/louisvasseur/Downloads/scaleli_sota/experimental/scaleli/data/external/gre/stack.sorted
keys_file_type = binary
read = 1
insert = 0
delete = 0
update = 0
scan = 0
scan_num = 100
operations_num = 100000000
table_size = -1
init_table_ratio = 1
del_table_ratio = 0.5
thread_num = 1
index = pgm
sample_distribution = uniform
latency_sample = 0
latency_sample_ratio = 0.01
error_bound = 64
output_path = /Users/louisvasseur/Downloads/scaleli_sota/experimental/scaleli/results/gre_mac_2026-10-06/warmup_pub/gre_out.csv
seed = 1866
memory = 1
dataset_statistic = 0
data_shift = 0
gre_lite_patch: warmup_num=20000000 pin_core=-1
[micro] Read:Insert:Update:Scan:Delete= 1:0:0:0:0
Reading data from file.
/Users/louisvasseur/Downloads/scaleli_sota/experimental/scaleli/data/external/gre/stack.sorted
200000000
Table size is 200000000, Init table size is 200000000
57860383 180704233 125933219 203863267 96865356 50810460 142602964 166278905 187855333 91486991 
prepare init keys.
table_size: 200000000
init_keys.size(): 200000000
sample keys.
generate operations.
operations.size(): 100000000
rss_before_build_bytes: 8005009024
bulk loading
rss_after_build_unpurged_bytes: 11207677632
rss_after_build_bytes: 11207694016
index_rss_bytes: 3202684992
build_ns: 2851492333
warmup_success_read: 20000000
warmup_ns: 4225129167
Begin running
Finish running
rss_after_run_bytes: 11207694016
rss_peak_bytes: 11367782400
Throughput = 4972778
Memory: 3200870424
success_read: 100000000
success_insert: 0
success_update: 0
success_remove: 0
scan_not_enough: 0
