45 cells 765 jobs
[1/765] osm uniform k=1 GTV +x2@0.0001 r1=8.037871033776868 err=False 67s
[2/765] osm uniform k=1 GTV -x2@0.0001 r1=8.006141248720573 err=False 67s
[3/765] osm uniform k=1 GTV +x3@3.33e-05 r1=8.023541453428864 err=False 67s
[4/765] osm uniform k=1 GTV -x2@1e-06 r1=8.021494370522007 err=False 67s
[5/765] osm uniform k=1 GTV -x3@1e-06 r1=8.032753326509724 err=False 67s
[6/765] osm uniform k=1 GTV +x3@0.0001 r1=8.093142272262027 err=False 100s
[7/765] osm uniform k=1 GTV +x3@1e-06 r1=8.049129989764586 err=False 100s
[8/765] osm uniform k=1 GTV -x3@3.33e-05 r1=7.987717502558854 err=False 100s
[9/765] osm uniform k=1 GTV +x2@3.33e-05 r1=8.049129989764586 err=False 100s
[10/765] osm uniform k=1 GTV +x2@1e-06 r1=8.015353121801432 err=False 100s
[11/765] osm uniform k=1 GTV id r1=8.074718526100307 err=False 100s
[12/765] osm uniform k=1 GTV -x3@0.0001 r1=8.01842374616172 err=False 65s
[13/765] osm uniform k=1 GTV +x2@0.001 r1=7.971340839303992 err=False 65s
[14/765] osm uniform k=1 GTV -x2@0.001 r1=8.029682702149437 err=False 66s
[15/765] osm uniform k=1 GTV -x3@0.001 r1=8.015353121801432 err=False 66s
[16/765] osm uniform k=4 TGV +x2@1e-06 r1=7.24360286591607 err=False 69s
[17/765] osm uniform k=1 GTV +x3@0.001 r1=8.022517911975434 err=False 102s
[18/765] osm uniform k=4 TGV +x3@1e-06 r1=7.272262026612077 err=False 70s
[19/765] osm uniform k=4 TGV -x3@1e-06 r1=7.2241555783009215 err=False 70s
[20/765] osm uniform k=4 TGV +x2@3.33e-05 r1=7.214943705220062 err=False 70s
[21/765] osm uniform k=4 TGV -x2@3.33e-05 r1=7.242579324462641 err=False 71s
[22/765] osm uniform k=1 GTV -x2@3.33e-05 r1=8.028659160696009 err=False 203s
[23/765] osm uniform k=4 TGV -x2@1e-06 r1=7.242579324462641 err=False 103s
[24/765] osm uniform k=4 TGV +x2@0.0001 r1=7.241555783009212 err=False 71s
[25/765] planet uniform k=1 GTV id r1=3.039918116683726 err=False 7s
[26/765] planet uniform k=1 GTV +x2@1e-06 r1=3.039918116683726 err=False 7s
[27/765] planet uniform k=1 GTV -x2@1e-06 r1=3.039918116683726 err=False 6s
[28/765] planet uniform k=1 GTV +x3@1e-06 r1=3.039918116683726 err=False 7s
[29/765] planet uniform k=1 GTV +x2@3.33e-05 r1=2.8822927328556807 err=False 4s
[30/765] planet uniform k=1 GTV -x3@1e-06 r1=3.039918116683726 err=False 7s
[31/765] planet uniform k=1 GTV +x3@3.33e-05 r1=2.8822927328556807 err=False 4s
[32/765] planet uniform k=1 GTV -x2@3.33e-05 r1=3.037871033776868 err=False 7s
[33/765] planet uniform k=1 GTV -x3@3.33e-05 r1=3.039918116683726 err=False 6s
[34/765] osm uniform k=4 TGV id r1=7.258955987717503 err=False 138s
[35/765] planet uniform k=1 GTV +x2@0.0001 r1=2.9948822927328558 err=False 8s
[36/765] osm uniform k=4 TGV -x3@3.33e-05 r1=7.245649948822927 err=False 104s
[37/765] osm uniform k=4 TGV +x3@3.33e-05 r1=7.23439099283521 err=False 105s
[38/765] osm uniform k=4 TGV -x3@0.0001 r1=7.247697031729785 err=False 69s
[39/765] osm uniform k=4 TGV -x2@0.001 r1=7.212896622313203 err=False 69s
[40/765] planet uniform k=1 GTV -x2@0.0001 r1=3.0040941658137155 err=False 6s
[41/765] planet uniform k=1 GTV +x3@0.0001 r1=2.872057318321392 err=False 7s
[42/765] planet uniform k=1 GTV -x2@0.001 r1=2.872057318321392 err=False 7s
[43/765] planet uniform k=1 GTV +x2@0.001 r1=2.804503582395087 err=False 8s
[44/765] planet uniform k=1 GTV -x3@0.001 r1=2.90992835209826 err=False 7s
[45/765] planet uniform k=1 TGV id r1=2.9355168884339817 err=False 7s
[46/765] planet uniform k=1 GTV +x3@0.001 r1=2.953940634595701 err=False 9s
[47/765] planet uniform k=1 GTV -x3@0.0001 r1=3.0040941658137155 err=False 11s
[48/765] planet uniform k=1 TGV +x2@1e-06 r1=2.9355168884339817 err=False 7s
[49/765] planet uniform k=1 TGV -x2@1e-06 r1=2.9355168884339817 err=False 7s
[50/765] planet uniform k=1 TGV +x3@1e-06 r1=2.9355168884339817 err=False 6s
[51/765] planet uniform k=1 TGV -x2@3.33e-05 r1=2.9140225179119756 err=False 4s
[52/765] planet uniform k=1 TGV +x3@3.33e-05 r1=2.9355168884339817 err=False 4s
[53/765] planet uniform k=1 TGV -x3@1e-06 r1=2.9355168884339817 err=False 7s
[54/765] planet uniform k=1 TGV +x2@3.33e-05 r1=2.9355168884339817 err=False 6s
[55/765] planet uniform k=1 TGV -x3@3.33e-05 r1=2.9140225179119756 err=False 4s
[56/765] planet uniform k=1 TGV -x2@0.0001 r1=2.9017400204708292 err=False 4s
[57/765] planet uniform k=1 TGV +x3@0.0001 r1=2.8587512794268166 err=False 4s
[58/765] planet uniform k=1 TGV +x2@0.001 r1=2.889457523029683 err=False 4s
[59/765] planet uniform k=1 TGV -x2@0.001 r1=2.908904810644831 err=False 4s
[60/765] planet uniform k=1 TGV +x2@0.0001 r1=2.827021494370522 err=False 7s
[61/765] planet uniform k=1 TGV -x3@0.0001 r1=2.8700102354145343 err=False 6s
[62/765] planet uniform k=1 TGV -x3@0.001 r1=2.9355168884339817 err=False 4s
[63/765] planet uniform k=16 TGV id r1=2.892528147389969 err=False 7s
[64/765] planet uniform k=16 TGV +x2@1e-06 r1=2.892528147389969 err=False 7s
[65/765] planet uniform k=16 TGV -x2@1e-06 r1=2.892528147389969 err=False 7s
[66/765] planet uniform k=16 TGV +x3@1e-06 r1=2.892528147389969 err=False 7s
[67/765] planet uniform k=16 TGV -x3@1e-06 r1=2.892528147389969 err=False 7s
[68/765] planet uniform k=1 TGV +x3@0.001 r1=2.9744114636642784 err=False 11s
[69/765] planet uniform k=16 TGV +x3@3.33e-05 r1=2.8096212896622315 err=False 6s
[70/765] planet uniform k=16 TGV +x2@3.33e-05 r1=2.991811668372569 err=False 10s
[71/765] osm uniform k=4 TGV +x3@0.001 r1=7.245649948822927 err=False 68s
[72/765] osm uniform k=4 TGV -x3@0.001 r1=7.248720573183214 err=False 68s
[73/765] planet uniform k=16 TGV +x2@0.0001 r1=2.816786079836233 err=False 5s
[74/765] osm uniform k=4 TGV -x2@0.0001 r1=7.2876151484135105 err=False 102s
[75/765] planet uniform k=16 TGV -x2@3.33e-05 r1=2.892528147389969 err=False 8s
[76/765] planet uniform k=16 TGV +x3@0.0001 r1=2.816786079836233 err=False 5s
[77/765] osm uniform k=4 TGV +x3@0.0001 r1=7.272262026612077 err=False 103s
[78/765] planet uniform k=16 TGV -x3@3.33e-05 r1=2.892528147389969 err=False 8s
[79/765] osm uniform k=4 TGV +x2@0.001 r1=7.244626407369498 err=False 103s
[80/765] planet uniform k=16 TGV -x2@0.0001 r1=2.892528147389969 err=False 8s
[81/765] planet uniform k=16 TGV +x2@0.001 r1=2.8853633572159674 err=False 5s
[82/765] planet uniform k=16 TGV -x3@0.0001 r1=2.8004094165813713 err=False 5s
[83/765] planet uniform k=16 TGV -x3@0.001 r1=2.8290685772773796 err=False 5s
[84/765] planet uniform k=16 TGV +x3@0.001 r1=2.8802456499488227 err=False 8s
[85/765] planet uniform k=64 GTV id r1=2.9007164790174 err=False 8s
[86/765] planet uniform k=64 GTV +x2@1e-06 r1=2.9007164790174 err=False 8s
[87/765] planet uniform k=64 GTV -x2@1e-06 r1=2.9007164790174 err=False 8s
[88/765] planet uniform k=64 GTV -x3@1e-06 r1=2.9007164790174 err=False 8s
[89/765] planet uniform k=64 GTV +x3@1e-06 r1=2.9007164790174 err=False 8s
[90/765] planet uniform k=16 TGV -x2@0.001 r1=2.9877175025588536 err=False 10s
[91/765] planet uniform k=64 GTV +x2@3.33e-05 r1=3.014329580348004 err=False 8s
[92/765] planet uniform k=64 GTV -x2@3.33e-05 r1=2.962128966223132 err=False 8s
[93/765] books uniform k=0 GTV id r1=2.420675537359263 err=False 1s
[94/765] planet uniform k=64 GTV -x3@3.33e-05 r1=2.962128966223132 err=False 8s
[95/765] planet uniform k=64 GTV +x3@3.33e-05 r1=3.014329580348004 err=False 8s
[96/765] books uniform k=0 GTV +x2@1e-06 r1=2.420675537359263 err=False 1s
[97/765] books uniform k=0 GTV -x2@1e-06 r1=2.420675537359263 err=False 1s
[98/765] planet uniform k=64 GTV +x2@0.0001 r1=2.947799385875128 err=False 7s
[99/765] books uniform k=0 GTV +x2@3.33e-05 r1=2.420675537359263 err=False 1s
[100/765] books uniform k=0 GTV +x3@1e-06 r1=2.420675537359263 err=False 1s
[101/765] books uniform k=0 GTV -x3@1e-06 r1=2.420675537359263 err=False 1s
[102/765] books uniform k=0 GTV -x2@3.33e-05 r1=2.420675537359263 err=False 1s
[103/765] books uniform k=0 GTV +x3@3.33e-05 r1=2.420675537359263 err=False 1s
[104/765] books uniform k=0 GTV -x3@3.33e-05 r1=2.420675537359263 err=False 1s
[105/765] books uniform k=0 GTV +x2@0.0001 r1=2.4196519959058342 err=False 1s
[106/765] books uniform k=0 GTV -x2@0.0001 r1=2.420675537359263 err=False 1s
[107/765] books uniform k=0 GTV +x3@0.0001 r1=2.420675537359263 err=False 1s
[108/765] books uniform k=0 GTV -x3@0.0001 r1=2.420675537359263 err=False 1s
[109/765] planet uniform k=64 GTV -x3@0.0001 r1=2.917093142272262 err=False 7s
[110/765] planet uniform k=64 GTV +x3@0.0001 r1=2.947799385875128 err=False 8s
[111/765] planet uniform k=64 GTV -x2@0.0001 r1=2.917093142272262 err=False 8s
[112/765] books uniform k=0 GTV -x2@0.001 r1=2.4196519959058342 err=False 1s
[113/765] books uniform k=0 GTV +x2@0.001 r1=2.4237461617195497 err=False 1s
[114/765] books uniform k=0 GTV +x3@0.001 r1=2.4216990788126918 err=False 1s
[115/765] books uniform k=0 GTV -x3@0.001 r1=2.420675537359263 err=False 1s
[116/765] books uniform k=1 GTV id r1=2.3950870010235414 err=False 1s
[117/765] planet uniform k=64 GTV +x3@0.001 r1=3.1197543500511773 err=False 8s
[118/765] planet uniform k=64 GTV -x2@0.001 r1=2.9293756397134083 err=False 8s
[119/765] books uniform k=1 GTV +x2@1e-06 r1=2.3950870010235414 err=False 2s
[120/765] books uniform k=1 GTV -x2@1e-06 r1=2.3950870010235414 err=False 2s
[121/765] planet uniform k=64 GTV +x2@0.001 r1=2.9529170931422724 err=False 8s
[122/765] books uniform k=1 GTV -x3@1e-06 r1=2.3950870010235414 err=False 1s
[123/765] books uniform k=1 GTV +x2@3.33e-05 r1=2.3950870010235414 err=False 1s
[124/765] books uniform k=1 GTV +x3@1e-06 r1=2.3950870010235414 err=False 2s
[125/765] books uniform k=1 GTV -x2@3.33e-05 r1=2.3950870010235414 err=False 1s
[126/765] books uniform k=1 GTV +x3@3.33e-05 r1=2.3950870010235414 err=False 1s
[127/765] planet uniform k=64 GTV -x3@0.001 r1=3.074718526100307 err=False 8s
[128/765] books uniform k=1 GTV -x3@3.33e-05 r1=2.3950870010235414 err=False 1s
[129/765] books uniform k=4 GTV id r1=2.393039918116684 err=False 1s
[130/765] books uniform k=4 GTV +x2@1e-06 r1=2.393039918116684 err=False 1s
[131/765] books uniform k=1 GTV +x3@0.0001 r1=2.3950870010235414 err=False 1s
[132/765] books uniform k=1 GTV -x3@0.0001 r1=2.3950870010235414 err=False 1s
[133/765] books uniform k=1 GTV +x2@0.0001 r1=2.3950870010235414 err=False 2s
[134/765] books uniform k=4 GTV +x3@1e-06 r1=2.393039918116684 err=False 1s
[135/765] books uniform k=1 GTV -x2@0.0001 r1=2.3950870010235414 err=False 2s
[136/765] books uniform k=4 GTV -x2@1e-06 r1=2.393039918116684 err=False 1s
[137/765] books uniform k=1 GTV -x3@0.001 r1=2.3950870010235414 err=False 1s
[138/765] books uniform k=4 GTV -x3@1e-06 r1=2.393039918116684 err=False 1s
[139/765] books uniform k=4 GTV +x2@3.33e-05 r1=2.393039918116684 err=False 1s
[140/765] books uniform k=4 GTV +x2@0.0001 r1=2.393039918116684 err=False 1s
[141/765] books uniform k=1 GTV +x2@0.001 r1=2.3971340839303994 err=False 2s
[142/765] books uniform k=4 GTV -x3@3.33e-05 r1=2.393039918116684 err=False 1s
[143/765] books uniform k=1 GTV +x3@0.001 r1=2.3950870010235414 err=False 2s
[144/765] books uniform k=1 GTV -x2@0.001 r1=2.4155578300921188 err=False 2s
[145/765] books uniform k=4 GTV -x3@0.0001 r1=2.393039918116684 err=False 1s
[146/765] books uniform k=4 GTV -x2@3.33e-05 r1=2.3950870010235414 err=False 1s
[147/765] books uniform k=4 GTV +x3@3.33e-05 r1=2.3950870010235414 err=False 1s
[148/765] books uniform k=4 GTV +x3@0.0001 r1=2.3950870010235414 err=False 1s
[149/765] books uniform k=4 GTV +x2@0.001 r1=2.3920163766632547 err=False 1s
[150/765] books uniform k=4 GTV -x3@0.001 r1=2.393039918116684 err=False 1s
[151/765] books uniform k=4 GTV +x3@0.001 r1=2.3950870010235414 err=False 1s
[152/765] books uniform k=4 GTV -x2@0.0001 r1=2.3950870010235414 err=False 2s
[153/765] books uniform k=4 GTV -x2@0.001 r1=2.4094165813715454 err=False 1s
[154/765] books uniform k=4 TGV +x2@3.33e-05 r1=2.4329580348004094 err=False 2s
[155/765] books uniform k=4 TGV +x3@3.33e-05 r1=2.4329580348004094 err=False 2s
[156/765] books uniform k=4 TGV +x2@0.0001 r1=2.4329580348004094 err=False 2s
[157/765] books uniform k=4 TGV id r1=2.496417604912999 err=False 2s
[158/765] books uniform k=4 TGV +x2@1e-06 r1=2.496417604912999 err=False 2s
[159/765] books uniform k=4 TGV +x3@1e-06 r1=2.496417604912999 err=False 2s
[160/765] books uniform k=4 TGV -x2@1e-06 r1=2.496417604912999 err=False 2s
[161/765] books uniform k=4 TGV -x3@1e-06 r1=2.496417604912999 err=False 2s
[162/765] books uniform k=4 TGV +x3@0.0001 r1=2.422722620266121 err=False 2s
[163/765] books uniform k=4 TGV -x2@3.33e-05 r1=2.496417604912999 err=False 2s
[164/765] books uniform k=4 TGV -x3@0.0001 r1=2.4411463664278403 err=False 1s
[165/765] books uniform k=4 TGV -x3@3.33e-05 r1=2.496417604912999 err=False 2s
[166/765] books uniform k=4 TGV -x2@0.0001 r1=2.496417604912999 err=False 2s
[167/765] books uniform k=4 TGV +x2@0.001 r1=2.4350051177072674 err=False 1s
[168/765] books uniform k=16 GTV id r1=2.3643807574206757 err=False 1s
[169/765] books uniform k=16 GTV +x2@1e-06 r1=2.3643807574206757 err=False 1s
[170/765] books uniform k=16 GTV -x2@1e-06 r1=2.3643807574206757 err=False 1s
[171/765] books uniform k=16 GTV +x3@1e-06 r1=2.3643807574206757 err=False 1s
[172/765] books uniform k=16 GTV -x3@1e-06 r1=2.3643807574206757 err=False 1s
[173/765] books uniform k=16 GTV -x2@3.33e-05 r1=2.3633572159672465 err=False 1s
[174/765] books uniform k=16 GTV +x3@3.33e-05 r1=2.3633572159672465 err=False 1s
[175/765] books uniform k=16 GTV -x3@3.33e-05 r1=2.3633572159672465 err=False 1s
[176/765] books uniform k=16 GTV +x2@3.33e-05 r1=2.3633572159672465 err=False 1s
[177/765] books uniform k=16 GTV -x2@0.0001 r1=2.3633572159672465 err=False 1s
[178/765] books uniform k=16 GTV +x3@0.0001 r1=2.3643807574206757 err=False 1s
[179/765] books uniform k=4 TGV -x2@0.001 r1=2.5731832139201636 err=False 2s
[180/765] books uniform k=16 GTV -x3@0.0001 r1=2.36028659160696 err=False 1s
[181/765] books uniform k=16 GTV -x2@0.001 r1=2.4114636642784033 err=False 1s
[182/765] books uniform k=16 GTV +x2@0.0001 r1=2.3633572159672465 err=False 1s
[183/765] books uniform k=4 TGV -x3@0.001 r1=2.460593654042989 err=False 2s
[184/765] books uniform k=16 GTV +x2@0.001 r1=2.4002047082906857 err=False 1s
[185/765] books uniform k=4 TGV +x3@0.001 r1=2.436028659160696 err=False 2s
[186/765] books uniform k=16 GTV +x3@0.001 r1=2.366427840327533 err=False 1s
[187/765] books uniform k=16 GTV -x3@0.001 r1=2.406345957011259 err=False 1s
[188/765] books uniform k=16 TGV id r1=2.437052200614125 err=False 2s
[189/765] books uniform k=16 TGV +x2@1e-06 r1=2.437052200614125 err=False 2s
[190/765] books uniform k=16 TGV -x3@1e-06 r1=2.437052200614125 err=False 2s
[191/765] books uniform k=16 TGV -x2@1e-06 r1=2.437052200614125 err=False 2s
[192/765] books uniform k=16 TGV +x3@1e-06 r1=2.437052200614125 err=False 3s
[193/765] books uniform k=16 TGV +x2@3.33e-05 r1=2.487205731832139 err=False 3s
[194/765] books uniform k=16 TGV -x3@3.33e-05 r1=2.488229273285568 err=False 3s
[195/765] books uniform k=16 TGV +x3@3.33e-05 r1=2.487205731832139 err=False 3s
[196/765] books uniform k=16 TGV -x2@0.0001 r1=2.488229273285568 err=False 3s
[197/765] books uniform k=16 TGV -x2@3.33e-05 r1=2.488229273285568 err=False 4s
[198/765] books uniform k=16 TGV +x2@0.0001 r1=2.4851586489252813 err=False 4s
[199/765] books uniform k=16 TGV +x3@0.0001 r1=2.4841351074718525 err=False 3s
[200/765] books uniform k=16 TGV -x3@0.0001 r1=2.4759467758444216 err=False 3s
[201/765] books uniform k=16 TGV -x2@0.001 r1=2.50460593654043 err=False 3s
[202/765] books uniform k=16 TGV +x2@0.001 r1=2.4779938587512795 err=False 3s
[203/765] books uniform k=64 GTV id r1=2.8904810644831116 err=False 3s
[204/765] books uniform k=16 TGV -x3@0.001 r1=2.566018423746162 err=False 3s
[205/765] books uniform k=64 GTV +x2@1e-06 r1=2.8904810644831116 err=False 3s
[206/765] books uniform k=64 GTV -x2@1e-06 r1=2.8904810644831116 err=False 3s
[207/765] books uniform k=64 GTV +x3@1e-06 r1=2.8904810644831116 err=False 3s
[208/765] books uniform k=16 TGV +x3@0.001 r1=2.5138178096212895 err=False 4s
[209/765] books uniform k=64 GTV -x3@1e-06 r1=2.8904810644831116 err=False 3s
[210/765] books uniform k=64 GTV +x2@3.33e-05 r1=2.884339815762538 err=False 3s
[211/765] books uniform k=64 GTV -x2@3.33e-05 r1=2.8669396110542475 err=False 3s
[212/765] books uniform k=64 GTV +x3@3.33e-05 r1=2.9416581371545547 err=False 3s
[213/765] books uniform k=64 GTV -x3@3.33e-05 r1=2.9498464687819856 err=False 3s
[214/765] books uniform k=64 GTV +x2@0.0001 r1=2.892528147389969 err=False 3s
[215/765] books uniform k=64 GTV +x3@0.0001 r1=2.892528147389969 err=False 3s
[216/765] books uniform k=64 GTV +x2@0.001 r1=2.9211873080859774 err=False 3s
[217/765] books uniform k=64 GTV -x2@0.0001 r1=2.9498464687819856 err=False 3s
[218/765] books uniform k=64 TGV id r1=2.593654042988741 err=False 2s
[219/765] books uniform k=64 GTV -x3@0.0001 r1=2.9498464687819856 err=False 3s
[220/765] books uniform k=64 GTV -x2@0.001 r1=2.9805527123848514 err=False 3s
[221/765] books uniform k=64 TGV +x2@1e-06 r1=2.593654042988741 err=False 2s
[222/765] books uniform k=64 GTV -x3@0.001 r1=2.8474923234390994 err=False 3s
[223/765] books uniform k=64 GTV +x3@0.001 r1=2.9590583418628453 err=False 3s
[224/765] books uniform k=64 TGV -x2@1e-06 r1=2.593654042988741 err=False 2s
[225/765] books uniform k=64 TGV -x3@1e-06 r1=2.593654042988741 err=False 2s
[226/765] books uniform k=64 TGV -x3@3.33e-05 r1=2.4616171954964177 err=False 1s
[227/765] books uniform k=64 TGV +x3@1e-06 r1=2.593654042988741 err=False 2s
[228/765] books uniform k=64 TGV -x3@0.0001 r1=2.490276356192426 err=False 1s
[229/765] fb uniform k=16 GTV id r1=2.2610030706243602 err=False 0s
[230/765] books uniform k=64 TGV +x3@3.33e-05 r1=2.5967246673490276 err=False 2s
[231/765] books uniform k=64 TGV +x2@3.33e-05 r1=2.593654042988741 err=False 2s
[232/765] books uniform k=64 TGV +x2@0.0001 r1=2.595701125895599 err=False 2s
[233/765] fb uniform k=16 GTV -x2@1e-06 r1=2.2610030706243602 err=False 0s
[234/765] books uniform k=64 TGV -x2@0.0001 r1=2.5762538382804503 err=False 2s
[235/765] fb uniform k=16 GTV +x2@1e-06 r1=2.2610030706243602 err=False 0s
[236/765] books uniform k=64 TGV +x3@0.0001 r1=2.593654042988741 err=False 2s
[237/765] fb uniform k=16 GTV -x2@3.33e-05 r1=2.2599795291709315 err=False 0s
[238/765] fb uniform k=16 GTV +x3@1e-06 r1=2.2610030706243602 err=False 0s
[239/765] fb uniform k=16 GTV -x3@1e-06 r1=2.2610030706243602 err=False 0s
[240/765] fb uniform k=16 GTV +x2@3.33e-05 r1=2.262026612077789 err=False 0s
[241/765] fb uniform k=16 GTV -x3@3.33e-05 r1=2.2610030706243602 err=False 0s
[242/765] books uniform k=64 TGV +x3@0.001 r1=2.487205731832139 err=False 1s
[243/765] fb uniform k=16 GTV -x2@0.0001 r1=2.2599795291709315 err=False 0s
[244/765] fb uniform k=16 GTV +x3@0.0001 r1=2.2579324462640735 err=False 0s
[245/765] fb uniform k=16 GTV +x3@3.33e-05 r1=2.2589559877175027 err=False 1s
[246/765] fb uniform k=16 GTV -x3@0.0001 r1=2.2569089048106448 err=False 0s
[247/765] fb uniform k=16 GTV +x2@0.001 r1=2.2763561924257933 err=False 0s
[248/765] fb uniform k=16 GTV -x2@0.001 r1=2.2569089048106448 err=False 0s
[249/765] fb uniform k=16 GTV +x2@0.0001 r1=2.2569089048106448 err=False 0s
[250/765] fb uniform k=16 GTV -x3@0.001 r1=2.240532241555783 err=False 0s
[251/765] fb uniform k=16 TGV id r1=2.263050153531218 err=False 0s
[252/765] fb uniform k=16 TGV +x2@1e-06 r1=2.263050153531218 err=False 0s
[253/765] fb uniform k=16 TGV -x2@1e-06 r1=2.263050153531218 err=False 0s
[254/765] fb uniform k=16 TGV +x3@1e-06 r1=2.263050153531218 err=False 0s
[255/765] fb uniform k=16 TGV -x3@1e-06 r1=2.263050153531218 err=False 0s
[256/765] books uniform k=64 TGV -x2@3.33e-05 r1=2.50460593654043 err=False 3s
[257/765] fb uniform k=16 TGV +x2@3.33e-05 r1=2.263050153531218 err=False 0s
[258/765] fb uniform k=16 GTV +x3@0.001 r1=2.2845445240532243 err=False 1s
[259/765] fb uniform k=16 TGV -x2@3.33e-05 r1=2.263050153531218 err=False 0s
[260/765] fb uniform k=16 TGV -x3@3.33e-05 r1=2.263050153531218 err=False 0s
[261/765] books uniform k=64 TGV -x3@0.001 r1=2.5588536335721597 err=False 2s
[262/765] fb uniform k=16 TGV +x2@0.0001 r1=2.2661207778915045 err=False 0s
[263/765] fb uniform k=16 TGV -x2@0.0001 r1=2.262026612077789 err=False 0s
[264/765] fb uniform k=16 TGV +x3@3.33e-05 r1=2.264073694984647 err=False 0s
[265/765] fb uniform k=16 TGV +x3@0.0001 r1=2.2661207778915045 err=False 0s
[266/765] fb uniform k=16 TGV +x2@0.001 r1=2.277379733879222 err=False 0s
[267/765] fb uniform k=16 TGV -x3@0.001 r1=2.240532241555783 err=False 0s
[268/765] fb uniform k=16 TGV -x2@0.001 r1=2.2579324462640735 err=False 0s
[269/765] fb uniform k=16 TGV +x3@0.001 r1=2.285568065506653 err=False 0s
[270/765] fb uniform k=16 TGV -x3@0.0001 r1=2.2610030706243602 err=False 1s
[271/765] books uniform k=64 TGV +x2@0.001 r1=2.5138178096212895 err=False 3s
[272/765] books uniform k=64 TGV -x2@0.001 r1=2.4708290685772774 err=False 3s
[273/765] fb window k=1 TGV id r1=2.4923234390992834 err=False 1s
[274/765] fb window k=1 TGV +x2@1e-06 r1=2.4923234390992834 err=False 1s
[275/765] fb window k=1 TGV -x2@1e-06 r1=2.4923234390992834 err=False 1s
[276/765] fb window k=1 TGV +x3@1e-06 r1=2.4923234390992834 err=False 1s
[277/765] fb window k=1 TGV -x3@1e-06 r1=2.4923234390992834 err=False 1s
[278/765] fb window k=1 TGV +x2@3.33e-05 r1=2.4923234390992834 err=False 1s
[279/765] fb window k=1 TGV -x2@3.33e-05 r1=2.4923234390992834 err=False 1s
[280/765] fb window k=1 TGV +x3@3.33e-05 r1=2.4923234390992834 err=False 1s
[281/765] fb window k=1 TGV -x3@3.33e-05 r1=2.4923234390992834 err=False 1s
[282/765] fb window k=1 TGV +x2@0.0001 r1=2.4923234390992834 err=False 1s
[283/765] fb window k=1 TGV -x3@0.0001 r1=2.4923234390992834 err=False 0s
[284/765] fb window k=1 TGV -x2@0.001 r1=2.488229273285568 err=False 0s
[285/765] fb window k=1 TGV +x3@0.001 r1=2.4923234390992834 err=False 0s
[286/765] fb window k=1 TGV -x2@0.0001 r1=2.4923234390992834 err=False 1s
[287/765] fb window k=1 TGV +x2@0.001 r1=2.49539406345957 err=False 1s
[288/765] fb window k=1 TGV +x3@0.0001 r1=2.4923234390992834 err=False 1s
[289/765] fb window k=1 TGV -x3@0.001 r1=2.4943705220061414 err=False 1s
[290/765] fb window k=4 TGV id r1=2.4708290685772774 err=False 1s
[291/765] fb window k=4 TGV +x2@3.33e-05 r1=2.4708290685772774 err=False 1s
[292/765] fb window k=4 TGV +x2@1e-06 r1=2.4708290685772774 err=False 1s
[293/765] fb window k=4 TGV -x2@1e-06 r1=2.4708290685772774 err=False 1s
[294/765] fb window k=4 TGV +x3@1e-06 r1=2.4708290685772774 err=False 1s
[295/765] fb window k=4 TGV -x3@1e-06 r1=2.4708290685772774 err=False 1s
[296/765] fb window k=4 TGV -x2@3.33e-05 r1=2.46878198567042 err=False 1s
[297/765] fb window k=4 TGV +x3@3.33e-05 r1=2.4708290685772774 err=False 1s
[298/765] fb window k=4 TGV -x3@3.33e-05 r1=2.4708290685772774 err=False 1s
[299/765] fb window k=4 TGV +x2@0.0001 r1=2.4708290685772774 err=False 1s
[300/765] fb window k=4 TGV +x2@0.001 r1=2.377686796315251 err=False 0s
[301/765] fb window k=4 TGV -x2@0.0001 r1=2.46878198567042 err=False 1s
[302/765] fb window k=4 TGV +x3@0.0001 r1=2.4708290685772774 err=False 1s
[303/765] fb window k=4 TGV -x2@0.001 r1=2.4790174002047083 err=False 1s
[304/765] fb window k=4 TGV -x3@0.0001 r1=2.4708290685772774 err=False 1s
[305/765] fb window k=4 TGV +x3@0.001 r1=2.4708290685772774 err=False 1s
[306/765] fb window k=4 TGV -x3@0.001 r1=2.471852610030706 err=False 1s
[307/765] osm window k=0 GTV +x3@3.33e-05 r1=3.5271238485158647 err=False 16s
[308/765] osm window k=0 GTV +x3@0.0001 r1=3.496417604912999 err=False 16s
[309/765] osm window k=0 GTV -x3@3.33e-05 r1=3.539406345957011 err=False 22s
[310/765] osm window k=0 GTV +x2@3.33e-05 r1=3.4841351074718525 err=False 23s
[311/765] osm window k=0 GTV -x2@3.33e-05 r1=3.566018423746162 err=False 23s
[312/765] osm window k=0 GTV +x2@0.0001 r1=3.5803480040941658 err=False 23s
[313/765] osm window k=0 GTV +x2@1e-06 r1=3.6489252814738995 err=False 30s
[314/765] osm window k=0 GTV -x2@0.0001 r1=3.6212896622313204 err=False 30s
[315/765] osm window k=0 GTV id r1=3.6489252814738995 err=False 31s
[316/765] osm window k=0 GTV +x3@1e-06 r1=3.6489252814738995 err=False 31s
[317/765] osm window k=0 GTV -x3@1e-06 r1=3.6489252814738995 err=False 31s
[318/765] osm window k=0 GTV -x2@1e-06 r1=3.5445240532241558 err=False 31s
[319/765] osm window k=0 GTV -x2@0.001 r1=3.5322415557830094 err=False 16s
[320/765] osm window k=0 GTV -x3@0.0001 r1=3.600818833162743 err=False 21s
[321/765] osm window k=1 GTV +x2@3.33e-05 r1=3.5895598771750254 err=False 13s
[322/765] osm window k=0 GTV -x3@0.001 r1=3.631525076765609 err=False 23s
[323/765] osm window k=0 GTV +x2@0.001 r1=3.5783009211873082 err=False 30s
[324/765] osm window k=1 GTV -x3@3.33e-05 r1=3.4728761514841353 err=False 15s
[325/765] osm window k=1 GTV id r1=3.5905834186284546 err=False 29s
[326/765] osm window k=1 GTV -x2@3.33e-05 r1=3.482088024564995 err=False 22s
[327/765] osm window k=0 GTV +x3@0.001 r1=3.586489252814739 err=False 31s
[328/765] osm window k=1 GTV +x2@1e-06 r1=3.5905834186284546 err=False 28s
[329/765] osm window k=1 GTV +x3@3.33e-05 r1=3.5895598771750254 err=False 21s
[330/765] osm window k=1 GTV +x3@1e-06 r1=3.5905834186284546 err=False 29s
[331/765] osm window k=1 GTV +x3@0.0001 r1=3.5895598771750254 err=False 13s
[332/765] osm window k=1 GTV -x2@1e-06 r1=3.5905834186284546 err=False 36s
[333/765] osm window k=1 GTV -x3@1e-06 r1=3.5905834186284546 err=False 36s
[334/765] osm window k=1 GTV +x2@0.001 r1=3.556806550665302 err=False 14s
[335/765] osm window k=1 GTV -x3@0.0001 r1=3.4728761514841353 err=False 15s
[336/765] osm window k=1 GTV -x2@0.0001 r1=3.471852610030706 err=False 23s
[337/765] osm window k=1 GTV -x3@0.001 r1=3.5168884339815762 err=False 15s
[338/765] osm window k=1 GTV -x2@0.001 r1=3.4892528147389967 err=False 24s
[339/765] osm window k=1 TGV +x2@3.33e-05 r1=3.5168884339815762 err=False 15s
[340/765] osm window k=1 TGV -x2@3.33e-05 r1=3.506653019447288 err=False 16s
[341/765] osm window k=1 TGV -x3@3.33e-05 r1=3.482088024564995 err=False 15s
[342/765] osm window k=1 GTV +x2@0.0001 r1=3.566018423746162 err=False 45s
[343/765] osm window k=1 TGV id r1=3.6120777891504607 err=False 30s
[344/765] osm window k=1 TGV -x2@1e-06 r1=3.6120777891504607 err=False 30s
[345/765] osm window k=1 TGV -x2@0.0001 r1=3.5506653019447287 err=False 14s
[346/765] osm window k=1 TGV +x3@1e-06 r1=3.6120777891504607 err=False 30s
[347/765] osm window k=1 TGV +x2@1e-06 r1=3.562947799385875 err=False 37s
[348/765] osm window k=1 TGV -x3@1e-06 r1=3.6120777891504607 err=False 30s
[349/765] osm window k=1 GTV +x3@0.001 r1=3.5516888433981575 err=False 44s
[350/765] covid uniform k=1 GTV id r1=2.4728761514841353 err=False 1s
[351/765] covid uniform k=1 GTV +x2@1e-06 r1=2.4728761514841353 err=False 1s
[352/765] covid uniform k=1 GTV -x2@1e-06 r1=2.4728761514841353 err=False 1s
[353/765] covid uniform k=1 GTV -x3@1e-06 r1=2.4728761514841353 err=False 1s
[354/765] covid uniform k=1 GTV +x2@3.33e-05 r1=2.4728761514841353 err=False 1s
[355/765] covid uniform k=1 GTV +x3@1e-06 r1=2.4728761514841353 err=False 1s
[356/765] covid uniform k=1 GTV -x2@3.33e-05 r1=2.4728761514841353 err=False 1s
[357/765] osm window k=1 TGV +x3@3.33e-05 r1=3.5056294779938586 err=False 31s
[358/765] covid uniform k=1 GTV +x3@3.33e-05 r1=2.4728761514841353 err=False 1s
[359/765] covid uniform k=1 GTV +x3@0.0001 r1=2.436028659160696 err=False 1s
[360/765] covid uniform k=1 GTV -x3@3.33e-05 r1=2.471852610030706 err=False 1s
[361/765] covid uniform k=1 GTV +x2@0.0001 r1=2.4728761514841353 err=False 1s
[362/765] covid uniform k=1 GTV -x2@0.0001 r1=2.474923234390993 err=False 1s
[363/765] covid uniform k=1 GTV +x2@0.001 r1=2.4196519959058342 err=False 1s
[364/765] covid uniform k=1 GTV -x3@0.0001 r1=2.4626407369498464 err=False 1s
[365/765] covid uniform k=1 GTV -x3@0.001 r1=2.471852610030706 err=False 1s
[366/765] covid uniform k=1 TGV id r1=2.4165813715455475 err=False 1s
[367/765] covid uniform k=1 GTV -x2@0.001 r1=2.443193449334698 err=False 1s
[368/765] covid uniform k=1 GTV +x3@0.001 r1=2.439099283520983 err=False 2s
[369/765] covid uniform k=1 TGV +x2@1e-06 r1=2.4165813715455475 err=False 1s
[370/765] covid uniform k=1 TGV -x2@1e-06 r1=2.4165813715455475 err=False 1s
[371/765] covid uniform k=1 TGV +x3@1e-06 r1=2.4165813715455475 err=False 1s
[372/765] covid uniform k=1 TGV -x3@1e-06 r1=2.4165813715455475 err=False 1s
[373/765] covid uniform k=1 TGV +x2@3.33e-05 r1=2.4165813715455475 err=False 1s
[374/765] osm window k=1 TGV +x2@0.001 r1=3.4943705220061414 err=False 15s
[375/765] covid uniform k=1 TGV -x3@3.33e-05 r1=2.41453428863869 err=False 1s
[376/765] covid uniform k=1 TGV +x3@3.33e-05 r1=2.4165813715455475 err=False 1s
[377/765] covid uniform k=1 TGV +x2@0.0001 r1=2.3715455475946774 err=False 1s
[378/765] covid uniform k=1 TGV -x2@3.33e-05 r1=2.4165813715455475 err=False 1s
[379/765] covid uniform k=1 TGV -x2@0.0001 r1=2.41453428863869 err=False 1s
[380/765] covid uniform k=1 TGV +x2@0.001 r1=2.4646878198567044 err=False 1s
[381/765] covid uniform k=1 TGV -x3@0.0001 r1=2.41453428863869 err=False 1s
[382/765] covid uniform k=1 TGV +x3@0.0001 r1=2.3705220061412486 err=False 1s
[383/765] covid uniform k=1 TGV -x2@0.001 r1=2.473899692937564 err=False 1s
[384/765] covid uniform k=1 TGV -x3@0.001 r1=2.473899692937564 err=False 1s
[385/765] covid uniform k=64 GTV id r1=2.420675537359263 err=False 1s
[386/765] covid uniform k=64 GTV +x2@1e-06 r1=2.420675537359263 err=False 1s
[387/765] covid uniform k=1 TGV +x3@0.001 r1=2.382804503582395 err=False 1s
[388/765] covid uniform k=64 GTV -x2@1e-06 r1=2.4216990788126918 err=False 1s
[389/765] covid uniform k=64 GTV +x3@1e-06 r1=2.420675537359263 err=False 1s
[390/765] covid uniform k=64 GTV -x3@1e-06 r1=2.4216990788126918 err=False 1s
[391/765] covid uniform k=64 GTV +x2@3.33e-05 r1=2.420675537359263 err=False 1s
[392/765] covid uniform k=64 GTV +x3@3.33e-05 r1=2.420675537359263 err=False 1s
[393/765] covid uniform k=64 GTV -x2@3.33e-05 r1=2.4196519959058342 err=False 1s
[394/765] covid uniform k=64 GTV -x3@3.33e-05 r1=2.4196519959058342 err=False 1s
[395/765] covid uniform k=64 GTV +x2@0.0001 r1=2.420675537359263 err=False 1s
[396/765] covid uniform k=64 GTV +x2@0.001 r1=2.3592630501535314 err=False 0s
[397/765] covid uniform k=64 GTV -x2@0.0001 r1=2.4196519959058342 err=False 1s
[398/765] covid uniform k=64 GTV +x3@0.001 r1=2.3520982599795293 err=False 0s
[399/765] covid uniform k=64 GTV -x2@0.001 r1=2.413510747185261 err=False 1s
[400/765] covid uniform k=64 GTV +x3@0.0001 r1=2.420675537359263 err=False 1s
[401/765] covid uniform k=64 GTV -x3@0.0001 r1=2.4196519959058342 err=False 1s
[402/765] covid uniform k=64 GTV -x3@0.001 r1=2.4176049129989763 err=False 1s
[403/765] genome window k=1 GTV id r1=2.68474923234391 err=False 3s
[404/765] genome window k=1 GTV -x2@1e-06 r1=2.68474923234391 err=False 3s
[405/765] genome window k=1 GTV +x2@1e-06 r1=2.68474923234391 err=False 3s
[406/765] genome window k=1 GTV +x3@1e-06 r1=2.68474923234391 err=False 3s
[407/765] genome window k=1 GTV +x2@3.33e-05 r1=2.68474923234391 err=False 3s
[408/765] genome window k=1 GTV -x3@1e-06 r1=2.68474923234391 err=False 3s
[409/765] osm window k=1 TGV -x3@0.001 r1=3.534288638689867 err=False 14s
[410/765] genome window k=1 GTV +x2@0.0001 r1=2.5823950870010237 err=False 2s
[411/765] genome window k=1 GTV +x3@0.0001 r1=2.5823950870010237 err=False 2s
[412/765] genome window k=1 GTV -x2@3.33e-05 r1=2.68474923234391 err=False 3s
[413/765] genome window k=1 GTV -x3@3.33e-05 r1=2.68474923234391 err=False 2s
[414/765] genome window k=1 GTV -x2@0.0001 r1=2.68474923234391 err=False 2s
[415/765] genome window k=1 GTV +x3@3.33e-05 r1=2.624360286591607 err=False 3s
[416/765] genome window k=1 GTV -x3@0.0001 r1=2.735926305015353 err=False 3s
[417/765] osm window k=1 TGV +x3@0.001 r1=3.5383828045035823 err=False 23s
[418/765] genome window k=1 GTV +x2@0.001 r1=2.6141248720573182 err=False 2s
[419/765] osm window k=1 TGV +x2@0.0001 r1=3.5537359263050154 err=False 37s
[420/765] genome window k=1 GTV -x2@0.001 r1=2.6755373592630503 err=False 2s
[421/765] genome window k=1 GTV +x3@0.001 r1=2.646878198567042 err=False 2s
[422/765] genome window k=1 GTV -x3@0.001 r1=2.6888433981576254 err=False 3s
[423/765] genome window k=4 GTV id r1=2.669396110542477 err=False 3s
[424/765] genome window k=4 GTV +x2@1e-06 r1=2.6673490276356193 err=False 3s
[425/765] genome window k=4 GTV -x2@1e-06 r1=2.669396110542477 err=False 3s
[426/765] genome window k=4 GTV -x3@1e-06 r1=2.669396110542477 err=False 3s
[427/765] genome window k=4 GTV +x3@1e-06 r1=2.6673490276356193 err=False 3s
[428/765] genome window k=4 GTV -x3@3.33e-05 r1=2.669396110542477 err=False 3s
[429/765] genome window k=4 GTV +x2@3.33e-05 r1=2.7420675537359265 err=False 4s
[430/765] genome window k=4 GTV +x3@0.0001 r1=2.6356192425793243 err=False 2s
[431/765] genome window k=4 GTV -x2@3.33e-05 r1=2.669396110542477 err=False 4s
[432/765] genome window k=4 GTV +x3@3.33e-05 r1=2.7420675537359265 err=False 4s
[433/765] genome window k=4 GTV -x2@0.001 r1=2.63971340839304 err=False 2s
[434/765] osm window k=1 TGV +x3@0.0001 r1=3.623336745138178 err=False 37s
[435/765] genome window k=4 GTV -x3@0.001 r1=2.473899692937564 err=False 2s
[436/765] genome window k=4 GTV +x2@0.001 r1=2.691914022517912 err=False 3s
[437/765] genome window k=4 GTV +x3@0.001 r1=2.7502558853633574 err=False 3s
[438/765] genome window k=4 GTV +x2@0.0001 r1=2.7410440122824973 err=False 5s
[439/765] genome window k=4 GTV -x3@0.0001 r1=2.7748208802456498 err=False 4s
[440/765] genome window k=16 TGV +x2@3.33e-05 r1=2.707267144319345 err=False 1s
[441/765] genome window k=4 GTV -x2@0.0001 r1=2.668372569089048 err=False 5s
[442/765] genome window k=16 TGV +x3@3.33e-05 r1=2.506653019447288 err=False 2s
[443/765] genome window k=16 TGV -x3@3.33e-05 r1=2.6653019447287614 err=False 2s
[444/765] genome window k=16 TGV id r1=2.707267144319345 err=False 4s
[445/765] genome window k=16 TGV +x2@1e-06 r1=2.707267144319345 err=False 4s
[446/765] genome window k=16 TGV -x2@0.0001 r1=2.6049129989764586 err=False 2s
[447/765] genome window k=16 TGV -x2@1e-06 r1=2.707267144319345 err=False 4s
[448/765] osm window k=1 TGV -x3@0.0001 r1=3.6376663254861823 err=False 35s
[449/765] genome window k=16 TGV +x3@1e-06 r1=2.707267144319345 err=False 5s
[450/765] genome window k=16 TGV +x3@0.0001 r1=2.509723643807574 err=False 2s
[451/765] genome window k=16 TGV +x2@0.0001 r1=2.7123848515864895 err=False 2s
[452/765] genome window k=16 TGV -x3@1e-06 r1=2.707267144319345 err=False 4s
[453/765] genome window k=16 TGV +x2@0.001 r1=2.5967246673490276 err=False 2s
[454/765] genome window k=16 TGV -x2@3.33e-05 r1=2.707267144319345 err=False 4s
[455/765] genome window k=16 TGV -x2@0.001 r1=2.5435005117707266 err=False 2s
[456/765] genome window k=64 GTV id r1=2.595701125895599 err=False 1s
[457/765] genome window k=64 GTV +x2@1e-06 r1=2.595701125895599 err=False 1s
[458/765] genome window k=64 GTV -x2@1e-06 r1=2.595701125895599 err=False 1s
[459/765] genome window k=64 GTV +x3@1e-06 r1=2.595701125895599 err=False 1s
[460/765] genome window k=64 GTV -x3@1e-06 r1=2.595701125895599 err=False 1s
[461/765] genome window k=16 TGV +x3@0.001 r1=2.503582395087001 err=False 3s
[462/765] genome window k=64 GTV -x2@3.33e-05 r1=2.5987717502558856 err=False 1s
[463/765] genome window k=16 TGV -x3@0.001 r1=2.713408393039918 err=False 3s
[464/765] genome window k=64 GTV +x2@0.0001 r1=2.5967246673490276 err=False 1s
[465/765] genome window k=16 TGV -x3@0.0001 r1=2.651995905834186 err=False 4s
[466/765] genome window k=64 GTV +x2@3.33e-05 r1=2.595701125895599 err=False 2s
[467/765] genome window k=64 GTV +x3@0.0001 r1=2.606960081883316 err=False 1s
[468/765] genome window k=64 GTV -x3@3.33e-05 r1=2.5987717502558856 err=False 2s
[469/765] genome window k=64 GTV -x3@0.0001 r1=2.5997952917093143 err=False 1s
[470/765] genome window k=64 GTV +x3@0.001 r1=2.5373592630501536 err=False 1s
[471/765] genome window k=64 GTV +x2@0.001 r1=2.4892528147389967 err=False 1s
[472/765] genome window k=64 GTV -x2@0.0001 r1=2.5997952917093143 err=False 2s
[473/765] genome window k=64 GTV -x2@0.001 r1=2.60388945752303 err=False 1s
[474/765] genome window k=64 GTV +x3@3.33e-05 r1=2.5967246673490276 err=False 2s
[475/765] genome window k=64 GTV -x3@0.001 r1=2.437052200614125 err=False 1s
[476/765] osm window k=1 TGV -x2@0.001 r1=3.6141248720573182 err=False 39s
[477/765] genome window k=64 TGV -x2@1e-06 r1=2.6427840327533265 err=False 2s
[478/765] genome window k=64 TGV -x3@1e-06 r1=2.6427840327533265 err=False 2s
[479/765] genome window k=64 TGV -x2@3.33e-05 r1=2.6427840327533265 err=False 2s
[480/765] genome window k=64 TGV +x3@0.0001 r1=2.4861821903787105 err=False 2s
[481/765] genome window k=64 TGV -x3@3.33e-05 r1=2.6427840327533265 err=False 2s
[482/765] genome window k=64 TGV +x2@0.001 r1=2.46878198567042 err=False 1s
[483/765] genome window k=64 TGV -x2@0.001 r1=2.5527123848515867 err=False 1s
[484/765] genome window k=64 TGV +x2@0.0001 r1=2.5967246673490276 err=False 3s
[485/765] genome window k=64 TGV id r1=2.638689866939611 err=False 4s
[486/765] history uniform k=0 GTV id r1=2.2743091095189354 err=False 0s
[487/765] genome window k=64 TGV -x2@0.0001 r1=2.5905834186284546 err=False 3s
[488/765] genome window k=64 TGV +x2@1e-06 r1=2.638689866939611 err=False 4s
[489/765] genome window k=64 TGV +x3@1e-06 r1=2.638689866939611 err=False 4s
[490/765] history uniform k=0 GTV +x2@1e-06 r1=2.2743091095189354 err=False 0s
[491/765] history uniform k=0 GTV -x3@1e-06 r1=2.2743091095189354 err=False 0s
[492/765] history uniform k=0 GTV -x2@1e-06 r1=2.2743091095189354 err=False 0s
[493/765] history uniform k=0 GTV -x3@3.33e-05 r1=2.2743091095189354 err=False 0s
[494/765] history uniform k=0 GTV +x2@0.0001 r1=2.2732855680655066 err=False 0s
[495/765] history uniform k=0 GTV +x3@1e-06 r1=2.2743091095189354 err=False 0s
[496/765] genome window k=64 TGV +x2@3.33e-05 r1=2.6366427840327535 err=False 4s
[497/765] history uniform k=0 GTV +x2@3.33e-05 r1=2.2732855680655066 err=False 0s
[498/765] history uniform k=0 GTV +x3@3.33e-05 r1=2.2732855680655066 err=False 0s
[499/765] history uniform k=0 GTV -x2@3.33e-05 r1=2.2743091095189354 err=False 0s
[500/765] history uniform k=0 GTV +x3@0.0001 r1=2.2732855680655066 err=False 0s
[501/765] genome window k=64 TGV +x3@3.33e-05 r1=2.5967246673490276 err=False 4s
[502/765] history uniform k=0 GTV -x2@0.0001 r1=2.2589559877175027 err=False 0s
[503/765] history uniform k=0 GTV +x2@0.001 r1=2.27021494370522 err=False 0s
[504/765] history uniform k=0 GTV -x3@0.0001 r1=2.2589559877175027 err=False 0s
[505/765] history uniform k=0 GTV +x3@0.001 r1=2.27021494370522 err=False 0s
[506/765] history uniform k=0 GTV -x3@0.001 r1=2.253838280450358 err=False 0s
[507/765] history uniform k=0 GTV -x2@0.001 r1=2.2528147389969293 err=False 0s
[508/765] history uniform k=1 GTV +x2@1e-06 r1=2.271238485158649 err=False 0s
[509/765] history uniform k=1 GTV id r1=2.271238485158649 err=False 0s
[510/765] history uniform k=1 GTV +x3@1e-06 r1=2.271238485158649 err=False 0s
[511/765] history uniform k=1 GTV -x3@1e-06 r1=2.271238485158649 err=False 0s
[512/765] history uniform k=1 GTV +x2@3.33e-05 r1=2.2732855680655066 err=False 0s
[513/765] history uniform k=1 GTV -x2@3.33e-05 r1=2.27021494370522 err=False 0s
[514/765] history uniform k=1 GTV +x3@3.33e-05 r1=2.2753326509723646 err=False 0s
[515/765] history uniform k=1 GTV -x3@3.33e-05 r1=2.247697031729785 err=False 0s
[516/765] history uniform k=1 GTV -x2@1e-06 r1=2.271238485158649 err=False 1s
[517/765] history uniform k=1 GTV -x2@0.0001 r1=2.2466734902763563 err=False 0s
[518/765] history uniform k=1 GTV -x2@0.001 r1=2.2579324462640735 err=False 0s
[519/765] genome window k=64 TGV +x3@0.001 r1=2.554759467758444 err=False 2s
[520/765] history uniform k=1 GTV -x3@0.0001 r1=2.2466734902763563 err=False 0s
[521/765] history uniform k=1 GTV +x3@0.001 r1=2.2497441146366426 err=False 0s
[522/765] history uniform k=1 GTV +x2@0.0001 r1=2.2743091095189354 err=False 0s
[523/765] history uniform k=1 GTV +x3@0.0001 r1=2.272262026612078 err=False 0s
[524/765] history uniform k=1 GTV +x2@0.001 r1=2.2814738996929376 err=False 0s
[525/765] history uniform k=1 GTV -x3@0.001 r1=2.272262026612078 err=False 0s
[526/765] history uniform k=4 TGV id r1=2.2610030706243602 err=False 0s
[527/765] history uniform k=4 TGV +x2@1e-06 r1=2.2610030706243602 err=False 0s
[528/765] history uniform k=4 TGV -x2@1e-06 r1=2.2610030706243602 err=False 0s
[529/765] history uniform k=4 TGV -x3@1e-06 r1=2.2610030706243602 err=False 0s
[530/765] history uniform k=4 TGV -x2@3.33e-05 r1=2.2599795291709315 err=False 0s
[531/765] history uniform k=4 TGV +x2@3.33e-05 r1=2.2610030706243602 err=False 0s
[532/765] history uniform k=4 TGV +x3@3.33e-05 r1=2.2610030706243602 err=False 0s
[533/765] history uniform k=4 TGV -x3@3.33e-05 r1=2.2599795291709315 err=False 0s
[534/765] history uniform k=4 TGV +x2@0.0001 r1=2.2610030706243602 err=False 0s
[535/765] history uniform k=4 TGV +x3@0.0001 r1=2.2610030706243602 err=False 0s
[536/765] history uniform k=4 TGV +x3@1e-06 r1=2.2610030706243602 err=False 1s
[537/765] history uniform k=4 TGV -x2@0.001 r1=2.233367451381781 err=False 0s
[538/765] history uniform k=4 TGV -x2@0.0001 r1=2.2610030706243602 err=False 0s
[539/765] history uniform k=4 TGV -x3@0.0001 r1=2.2610030706243602 err=False 0s
[540/765] history uniform k=4 TGV +x2@0.001 r1=2.2548618219037873 err=False 0s
[541/765] history uniform k=4 TGV -x3@0.001 r1=2.240532241555783 err=False 0s
[542/765] history uniform k=4 TGV +x3@0.001 r1=2.255885363357216 err=False 0s
[543/765] history uniform k=64 GTV id r1=2.2599795291709315 err=False 0s
[544/765] genome window k=64 TGV -x3@0.0001 r1=2.5916069600818834 err=False 4s
[545/765] history uniform k=64 GTV +x2@1e-06 r1=2.2599795291709315 err=False 0s
[546/765] history uniform k=64 GTV -x2@1e-06 r1=2.2599795291709315 err=False 0s
[547/765] history uniform k=64 GTV +x3@1e-06 r1=2.2599795291709315 err=False 0s
[548/765] history uniform k=64 GTV -x3@1e-06 r1=2.2599795291709315 err=False 0s
[549/765] history uniform k=64 GTV +x2@3.33e-05 r1=2.2599795291709315 err=False 0s
[550/765] history uniform k=64 GTV -x2@3.33e-05 r1=2.2599795291709315 err=False 0s
[551/765] history uniform k=64 GTV +x3@3.33e-05 r1=2.2599795291709315 err=False 0s
[552/765] history uniform k=64 GTV -x3@3.33e-05 r1=2.2599795291709315 err=False 0s
[553/765] history uniform k=64 GTV +x2@0.001 r1=2.2302968270214945 err=False 0s
[554/765] history uniform k=64 GTV +x3@0.001 r1=2.233367451381781 err=False 0s
[555/765] history uniform k=64 GTV +x2@0.0001 r1=2.2599795291709315 err=False 0s
[556/765] history uniform k=64 GTV -x2@0.0001 r1=2.2599795291709315 err=False 0s
[557/765] history uniform k=64 GTV -x2@0.001 r1=2.263050153531218 err=False 0s
[558/765] history uniform k=64 GTV -x3@0.0001 r1=2.2599795291709315 err=False 0s
[559/765] history uniform k=64 GTV +x3@0.0001 r1=2.2610030706243602 err=False 1s
[560/765] history uniform k=64 GTV -x3@0.001 r1=2.2569089048106448 err=False 0s
[561/765] genome window k=64 TGV -x3@0.001 r1=2.4728761514841353 err=False 4s
[562/765] libio uniform k=4 GTV -x3@1e-06 r1=2.3633572159672465 err=False 2s
[563/765] libio uniform k=4 GTV -x2@3.33e-05 r1=2.361310133060389 err=False 2s
[564/765] libio uniform k=4 GTV +x3@3.33e-05 r1=2.4094165813715454 err=False 2s
[565/765] libio uniform k=4 GTV +x3@0.0001 r1=2.346980552712385 err=False 2s
[566/765] libio uniform k=4 GTV +x2@3.33e-05 r1=2.375639713408393 err=False 2s
[567/765] libio uniform k=4 GTV -x3@3.33e-05 r1=2.361310133060389 err=False 2s
[568/765] libio uniform k=4 GTV -x2@0.0001 r1=2.300921187308086 err=False 2s
[569/765] libio uniform k=4 GTV id r1=2.3735926305015353 err=False 3s
[570/765] libio uniform k=4 GTV +x2@1e-06 r1=2.3735926305015353 err=False 3s
[571/765] libio uniform k=4 GTV -x2@0.001 r1=2.337768679631525 err=False 1s
[572/765] libio uniform k=4 GTV -x2@1e-06 r1=2.3735926305015353 err=False 3s
[573/765] libio uniform k=4 GTV +x3@1e-06 r1=2.3735926305015353 err=False 3s
[574/765] libio uniform k=4 GTV -x3@0.0001 r1=2.263050153531218 err=False 2s
[575/765] libio uniform k=4 GTV +x2@0.001 r1=2.278403275332651 err=False 2s
[576/765] libio uniform k=4 GTV +x3@0.001 r1=2.2947799385875127 err=False 2s
[577/765] libio uniform k=16 GTV -x2@3.33e-05 r1=2.3121801432958033 err=False 1s
[578/765] libio uniform k=4 GTV +x2@0.0001 r1=2.4094165813715454 err=False 4s
[579/765] libio uniform k=16 GTV +x3@1e-06 r1=2.2958034800409415 err=False 2s
[580/765] libio uniform k=16 GTV id r1=2.2958034800409415 err=False 2s
[581/765] libio uniform k=16 GTV +x2@1e-06 r1=2.2958034800409415 err=False 2s
[582/765] libio uniform k=16 GTV -x3@3.33e-05 r1=2.3121801432958033 err=False 1s
[583/765] libio uniform k=16 GTV -x2@1e-06 r1=2.2958034800409415 err=False 2s
[584/765] libio uniform k=16 GTV +x2@3.33e-05 r1=2.328556806550665 err=False 2s
[585/765] libio uniform k=16 GTV -x3@1e-06 r1=2.2958034800409415 err=False 2s
[586/765] libio uniform k=16 GTV -x2@0.0001 r1=2.255885363357216 err=False 1s
[587/765] libio uniform k=16 GTV +x3@0.0001 r1=2.2589559877175027 err=False 1s
[588/765] libio uniform k=16 GTV +x2@0.0001 r1=2.2978505629477994 err=False 2s
[589/765] libio uniform k=16 GTV +x3@3.33e-05 r1=2.2958034800409415 err=False 2s
[590/765] libio uniform k=4 GTV -x3@0.001 r1=2.353121801432958 err=False 4s
[591/765] libio uniform k=16 GTV -x3@0.0001 r1=2.264073694984647 err=False 2s
[592/765] libio uniform k=16 GTV +x2@0.001 r1=2.337768679631525 err=False 2s
[593/765] libio uniform k=16 GTV +x3@0.001 r1=2.330603889457523 err=False 2s
[594/765] libio uniform k=16 TGV id r1=2.2958034800409415 err=False 2s
[595/765] libio uniform k=16 TGV +x2@1e-06 r1=2.2958034800409415 err=False 2s
[596/765] libio uniform k=16 TGV -x2@1e-06 r1=2.2958034800409415 err=False 2s
[597/765] libio uniform k=16 GTV -x2@0.001 r1=2.345957011258956 err=False 2s
[598/765] libio uniform k=16 GTV -x3@0.001 r1=2.3879222108495393 err=False 2s
[599/765] libio uniform k=16 TGV -x2@3.33e-05 r1=2.3121801432958033 err=False 1s
[600/765] libio uniform k=16 TGV +x3@1e-06 r1=2.2958034800409415 err=False 2s
[601/765] libio uniform k=16 TGV -x3@1e-06 r1=2.2958034800409415 err=False 2s
[602/765] libio uniform k=16 TGV +x2@3.33e-05 r1=2.328556806550665 err=False 2s
[603/765] libio uniform k=16 TGV -x3@3.33e-05 r1=2.3121801432958033 err=False 1s
[604/765] libio uniform k=16 TGV +x3@3.33e-05 r1=2.2968270214943707 err=False 2s
[605/765] libio uniform k=16 TGV -x2@0.0001 r1=2.255885363357216 err=False 1s
[606/765] libio uniform k=16 TGV +x3@0.0001 r1=2.2589559877175027 err=False 1s
[607/765] libio uniform k=16 TGV -x3@0.0001 r1=2.264073694984647 err=False 1s
[608/765] libio uniform k=16 TGV +x2@0.001 r1=2.293756397134084 err=False 1s
[609/765] libio uniform k=16 TGV +x2@0.0001 r1=2.2978505629477994 err=False 2s
[610/765] libio uniform k=16 TGV +x3@0.001 r1=2.330603889457523 err=False 2s
[611/765] libio uniform k=64 GTV id r1=2.329580348004094 err=False 2s
[612/765] libio uniform k=64 GTV +x2@1e-06 r1=2.329580348004094 err=False 2s
[613/765] libio uniform k=64 GTV -x2@1e-06 r1=2.329580348004094 err=False 2s
[614/765] libio uniform k=16 TGV -x2@0.001 r1=2.345957011258956 err=False 2s
[615/765] libio uniform k=64 GTV +x3@3.33e-05 r1=2.3326509723643807 err=False 1s
[616/765] libio uniform k=16 TGV -x3@0.001 r1=2.3879222108495393 err=False 2s
[617/765] libio uniform k=64 GTV -x3@1e-06 r1=2.329580348004094 err=False 2s
[618/765] libio uniform k=64 GTV +x3@1e-06 r1=2.329580348004094 err=False 2s
[619/765] libio uniform k=64 GTV -x3@0.0001 r1=2.293756397134084 err=False 1s
[620/765] libio uniform k=64 GTV +x2@3.33e-05 r1=2.331627430910952 err=False 2s
[621/765] libio uniform k=64 GTV +x2@0.0001 r1=2.331627430910952 err=False 1s
[622/765] libio uniform k=64 GTV +x2@0.001 r1=2.2896622313203685 err=False 1s
[623/765] libio uniform k=64 GTV +x3@0.001 r1=2.292732855680655 err=False 1s
[624/765] libio uniform k=64 GTV +x3@0.0001 r1=2.3357215967246674 err=False 2s
[625/765] libio uniform k=64 GTV -x2@0.0001 r1=2.330603889457523 err=False 2s
[626/765] libio uniform k=64 GTV -x3@3.33e-05 r1=2.330603889457523 err=False 2s
[627/765] libio uniform k=64 GTV -x2@3.33e-05 r1=2.3326509723643807 err=False 3s
[628/765] libio uniform k=64 GTV -x2@0.001 r1=2.3029682702149437 err=False 1s
[629/765] libio uniform k=64 GTV -x3@0.001 r1=2.293756397134084 err=False 1s
[630/765] libio uniform k=64 TGV id r1=2.329580348004094 err=False 2s
[631/765] libio uniform k=64 TGV +x2@1e-06 r1=2.329580348004094 err=False 2s
[632/765] libio uniform k=64 TGV -x2@1e-06 r1=2.329580348004094 err=False 2s
[633/765] libio uniform k=64 TGV +x3@1e-06 r1=2.329580348004094 err=False 2s
[634/765] libio uniform k=64 TGV -x3@1e-06 r1=2.329580348004094 err=False 2s
[635/765] libio uniform k=64 TGV -x3@3.33e-05 r1=2.330603889457523 err=False 1s
[636/765] libio uniform k=64 TGV +x2@3.33e-05 r1=2.330603889457523 err=False 2s
[637/765] libio uniform k=64 TGV -x3@0.0001 r1=2.292732855680655 err=False 1s
[638/765] libio uniform k=64 TGV -x2@3.33e-05 r1=2.3275332650972365 err=False 2s
[639/765] libio uniform k=64 TGV +x3@3.33e-05 r1=2.330603889457523 err=False 2s
[640/765] libio uniform k=64 TGV +x2@0.0001 r1=2.331627430910952 err=False 2s
[641/765] libio uniform k=64 TGV +x2@0.001 r1=2.2896622313203685 err=False 1s
[642/765] libio uniform k=64 TGV +x3@0.0001 r1=2.3357215967246674 err=False 2s
[643/765] libio window k=0 GTV id r1=2.4411463664278403 err=False 1s
[644/765] libio uniform k=64 TGV +x3@0.001 r1=2.292732855680655 err=False 1s
[645/765] libio window k=0 GTV +x2@1e-06 r1=2.4411463664278403 err=False 1s
[646/765] libio window k=0 GTV -x2@1e-06 r1=2.4411463664278403 err=False 1s
[647/765] libio window k=0 GTV +x3@1e-06 r1=2.4411463664278403 err=False 1s
[648/765] libio window k=0 GTV -x3@1e-06 r1=2.4411463664278403 err=False 1s
[649/765] libio window k=0 GTV +x2@3.33e-05 r1=2.4411463664278403 err=False 1s
[650/765] libio uniform k=64 TGV -x3@0.001 r1=2.293756397134084 err=False 1s
[651/765] libio uniform k=64 TGV -x2@0.0001 r1=2.330603889457523 err=False 3s
[652/765] libio window k=0 GTV -x2@3.33e-05 r1=2.4411463664278403 err=False 1s
[653/765] libio window k=0 GTV +x3@3.33e-05 r1=2.4411463664278403 err=False 1s
[654/765] libio window k=0 GTV -x3@0.0001 r1=2.4411463664278403 err=False 0s
[655/765] libio window k=0 GTV +x2@0.0001 r1=2.442169907881269 err=False 1s
[656/765] libio window k=0 GTV +x2@0.001 r1=2.4380757420675536 err=False 0s
[657/765] libio window k=0 GTV -x3@3.33e-05 r1=2.4411463664278403 err=False 1s
[658/765] libio window k=0 GTV +x3@0.0001 r1=2.445240532241556 err=False 1s
[659/765] libio window k=0 GTV -x2@0.001 r1=2.444216990788127 err=False 0s
[660/765] libio window k=0 GTV -x2@0.0001 r1=2.4401228249744116 err=False 1s
[661/765] libio window k=4 GTV id r1=2.4728761514841353 err=False 0s
[662/765] libio window k=4 GTV +x2@1e-06 r1=2.4728761514841353 err=False 0s
[663/765] libio window k=4 GTV -x2@1e-06 r1=2.4728761514841353 err=False 0s
[664/765] libio window k=0 GTV -x3@0.001 r1=2.482088024564995 err=False 1s
[665/765] libio window k=4 GTV +x3@1e-06 r1=2.4728761514841353 err=False 0s
[666/765] libio window k=4 GTV +x2@3.33e-05 r1=2.4728761514841353 err=False 0s
[667/765] libio window k=4 GTV -x3@1e-06 r1=2.4728761514841353 err=False 0s
[668/765] libio window k=0 GTV +x3@0.001 r1=2.533265097236438 err=False 1s
[669/765] libio window k=4 GTV -x2@3.33e-05 r1=2.4728761514841353 err=False 0s
[670/765] libio window k=4 GTV +x3@3.33e-05 r1=2.4728761514841353 err=False 0s
[671/765] libio window k=4 GTV -x3@3.33e-05 r1=2.474923234390993 err=False 0s
[672/765] libio window k=4 GTV +x3@0.0001 r1=2.4319344933469806 err=False 0s
[673/765] libio window k=4 GTV +x2@0.0001 r1=2.4319344933469806 err=False 0s
[674/765] libio window k=4 GTV -x2@0.0001 r1=2.474923234390993 err=False 0s
[675/765] libio window k=4 GTV +x3@0.001 r1=2.339815762538383 err=False 0s
[676/765] libio window k=4 GTV +x2@0.001 r1=2.4401228249744116 err=False 0s
[677/765] libio uniform k=64 TGV -x2@0.001 r1=2.3029682702149437 err=False 3s
[678/765] libio window k=64 GTV id r1=2.3326509723643807 err=False 0s
[679/765] libio window k=64 GTV +x2@1e-06 r1=2.3326509723643807 err=False 0s
[680/765] libio window k=64 GTV -x2@1e-06 r1=2.3326509723643807 err=False 0s
[681/765] libio window k=4 GTV -x2@0.001 r1=2.4708290685772774 err=False 1s
[682/765] libio window k=4 GTV -x3@0.0001 r1=2.474923234390993 err=False 1s
[683/765] libio window k=4 GTV -x3@0.001 r1=2.4698055271238486 err=False 1s
[684/765] libio window k=64 GTV +x3@1e-06 r1=2.3326509723643807 err=False 0s
[685/765] libio window k=64 GTV -x3@1e-06 r1=2.3326509723643807 err=False 0s
[686/765] libio window k=64 GTV +x2@3.33e-05 r1=2.3326509723643807 err=False 0s
[687/765] libio window k=64 GTV -x2@3.33e-05 r1=2.3326509723643807 err=False 0s
[688/765] libio window k=64 GTV +x3@3.33e-05 r1=2.3326509723643807 err=False 0s
[689/765] libio window k=64 GTV +x2@0.0001 r1=2.3326509723643807 err=False 0s
[690/765] libio window k=64 GTV +x3@0.0001 r1=2.330603889457523 err=False 0s
[691/765] libio window k=64 GTV -x2@0.0001 r1=2.3336745138178094 err=False 0s
[692/765] libio window k=64 GTV -x3@0.0001 r1=2.3336745138178094 err=False 0s
[693/765] libio window k=64 GTV +x3@0.001 r1=2.3357215967246674 err=False 0s
[694/765] libio window k=64 GTV +x2@0.001 r1=2.331627430910952 err=False 0s
[695/765] libio window k=64 GTV -x2@0.001 r1=2.3336745138178094 err=False 0s
[696/765] libio window k=64 GTV -x3@3.33e-05 r1=2.3336745138178094 err=False 1s
[697/765] libio window k=64 GTV -x3@0.001 r1=2.329580348004094 err=False 0s
[698/765] wise uniform k=4 GTV -x2@3.33e-05 r1=2.8004094165813713 err=False 2s
[699/765] wise uniform k=4 GTV +x2@3.33e-05 r1=2.8004094165813713 err=False 2s
[700/765] wise uniform k=4 GTV -x2@0.0001 r1=2.8004094165813713 err=False 2s
[701/765] wise uniform k=4 GTV +x2@0.0001 r1=2.8004094165813713 err=False 2s
[702/765] wise uniform k=4 GTV +x2@0.001 r1=2.879222108495394 err=False 1s
[703/765] wise uniform k=4 GTV +x2@1e-06 r1=2.8004094165813713 err=False 3s
[704/765] wise uniform k=4 GTV id r1=2.8004094165813713 err=False 3s
[705/765] wise uniform k=4 GTV -x2@1e-06 r1=2.8004094165813713 err=False 3s
[706/765] wise uniform k=4 GTV +x3@1e-06 r1=2.8004094165813713 err=False 3s
[707/765] wise uniform k=4 GTV -x3@1e-06 r1=2.8004094165813713 err=False 3s
[708/765] wise uniform k=4 GTV +x3@0.001 r1=2.8004094165813713 err=False 1s
[709/765] wise uniform k=4 GTV +x3@3.33e-05 r1=2.8004094165813713 err=False 3s
[710/765] wise uniform k=4 GTV +x3@0.0001 r1=2.8004094165813713 err=False 3s
[711/765] wise uniform k=4 GTV -x3@3.33e-05 r1=2.8004094165813713 err=False 3s
[712/765] wise uniform k=4 GTV -x2@0.001 r1=2.6509723643807575 err=False 2s
[713/765] wise uniform k=4 GTV -x3@0.001 r1=2.8004094165813713 err=False 1s
[714/765] wise uniform k=4 GTV -x3@0.0001 r1=2.8004094165813713 err=False 3s
[715/765] wise uniform k=16 TGV id r1=2.7553735926305016 err=False 2s
[716/765] wise uniform k=16 TGV +x2@1e-06 r1=2.7553735926305016 err=False 2s
[717/765] wise uniform k=16 TGV -x2@1e-06 r1=2.7553735926305016 err=False 2s
[718/765] wise uniform k=16 TGV +x3@1e-06 r1=2.7553735926305016 err=False 2s
[719/765] wise uniform k=16 TGV +x2@0.0001 r1=2.7553735926305016 err=False 2s
[720/765] wise uniform k=16 TGV -x3@1e-06 r1=2.7553735926305016 err=False 2s
[721/765] wise uniform k=16 TGV +x2@3.33e-05 r1=2.7553735926305016 err=False 2s
[722/765] wise uniform k=16 TGV -x2@3.33e-05 r1=2.7553735926305016 err=False 2s
[723/765] wise uniform k=16 TGV +x3@3.33e-05 r1=2.7553735926305016 err=False 2s
[724/765] wise uniform k=16 TGV -x3@3.33e-05 r1=2.7553735926305016 err=False 2s
[725/765] wise uniform k=16 TGV -x2@0.0001 r1=2.7727737973387923 err=False 2s
[726/765] wise uniform k=16 TGV -x2@0.001 r1=2.749232343909928 err=False 1s
[727/765] wise uniform k=16 TGV +x2@0.001 r1=2.872057318321392 err=False 1s
[728/765] wise uniform k=16 TGV +x3@0.001 r1=2.7553735926305016 err=False 1s
[729/765] wise uniform k=16 TGV +x3@0.0001 r1=2.7553735926305016 err=False 2s
[730/765] wise uniform k=16 TGV -x3@0.0001 r1=2.7553735926305016 err=False 2s
[731/765] wise uniform k=16 TGV -x3@0.001 r1=2.759467758444217 err=False 2s
[732/765] wise uniform k=64 TGV id r1=2.7799385875127944 err=False 2s
[733/765] wise uniform k=64 TGV +x2@1e-06 r1=2.7799385875127944 err=False 2s
[734/765] wise uniform k=64 TGV -x2@1e-06 r1=2.7799385875127944 err=False 2s
[735/765] wise uniform k=64 TGV -x3@1e-06 r1=2.7799385875127944 err=False 2s
[736/765] wise uniform k=64 TGV +x3@1e-06 r1=2.7799385875127944 err=False 2s
[737/765] wise uniform k=64 TGV +x2@3.33e-05 r1=2.7799385875127944 err=False 2s
[738/765] wise uniform k=64 TGV -x2@3.33e-05 r1=2.7789150460593652 err=False 2s
[739/765] wise uniform k=64 TGV +x2@0.0001 r1=2.7799385875127944 err=False 2s
[740/765] wise uniform k=64 TGV +x3@3.33e-05 r1=2.7799385875127944 err=False 2s
[741/765] wise uniform k=64 TGV -x3@3.33e-05 r1=2.7799385875127944 err=False 2s
[742/765] wise uniform k=64 TGV -x2@0.001 r1=2.7553735926305016 err=False 1s
[743/765] wise window k=64 GTV id r1=2.321392016376663 err=False 1s
[744/765] wise window k=64 GTV +x2@1e-06 r1=2.321392016376663 err=False 1s
[745/765] wise uniform k=64 TGV +x2@0.001 r1=2.787103377686796 err=False 2s
[746/765] wise uniform k=64 TGV -x2@0.0001 r1=2.780962128966223 err=False 2s
[747/765] wise window k=64 GTV -x2@3.33e-05 r1=2.321392016376663 err=False 0s
[748/765] wise uniform k=64 TGV +x3@0.001 r1=2.780962128966223 err=False 2s
[749/765] wise window k=64 GTV -x2@1e-06 r1=2.321392016376663 err=False 1s
[750/765] wise uniform k=64 TGV -x3@0.001 r1=2.781985670419652 err=False 2s
[751/765] wise window k=64 GTV +x3@1e-06 r1=2.321392016376663 err=False 1s
[752/765] wise window k=64 GTV -x3@1e-06 r1=2.321392016376663 err=False 1s
[753/765] wise window k=64 GTV +x2@3.33e-05 r1=2.3203684749232343 err=False 1s
[754/765] wise uniform k=64 TGV +x3@0.0001 r1=2.7799385875127944 err=False 2s
[755/765] wise window k=64 GTV +x3@3.33e-05 r1=2.3193449334698055 err=False 1s
[756/765] wise uniform k=64 TGV -x3@0.0001 r1=2.7789150460593652 err=False 2s
[757/765] wise window k=64 GTV -x2@0.0001 r1=2.321392016376663 err=False 0s
[758/765] wise window k=64 GTV -x3@0.0001 r1=2.3203684749232343 err=False 0s
[759/765] wise window k=64 GTV +x2@0.0001 r1=2.3203684749232343 err=False 1s
[760/765] wise window k=64 GTV -x3@0.001 r1=2.3142272262026613 err=False 0s
[761/765] wise window k=64 GTV -x3@3.33e-05 r1=2.321392016376663 err=False 1s
[762/765] wise window k=64 GTV -x2@0.001 r1=2.3193449334698055 err=False 0s
[763/765] wise window k=64 GTV +x3@0.0001 r1=2.3193449334698055 err=False 1s
[764/765] wise window k=64 GTV +x2@0.001 r1=2.3510747185261005 err=False 1s
[765/765] wise window k=64 GTV +x3@0.001 r1=2.3500511770726713 err=False 1s
