[ 25%] Building CXX object experimental/scaleli/CMakeFiles/scaleli_hardness.dir/src/hardness.cpp.o
[ 33%] Building CXX object experimental/scaleli/CMakeFiles/scaleli_bench.dir/src/benchmark.cpp.o
[ 33%] Building CXX object experimental/scaleli/CMakeFiles/scaleli_tests.dir/tests/test_main.cpp.o
[ 33%] Building CXX object CMakeFiles/radix_walkthrough.dir/native/radix_walkthrough.cpp.o
[ 41%] Linking CXX executable radix_walkthrough
[ 41%] Built target radix_walkthrough
[ 50%] Building CXX object experimental/scaleli/CMakeFiles/scaleli_hardness_tests.dir/tests/test_hardness.cpp.o
/Users/louisvasseur/Downloads/scaleli_sota/experimental/scaleli/tests/test_main.cpp:168:26: warning: unused variable 'c' [-Wunused-variable]
  168 |     must_throw([]{Config c;(void)parse_root("tree");});must_throw([]{Config c;c.root_alpha=64.0;Index bad(c);});must_throw([]{Config c;c.virtual_alpha=1.0;Index bad(c);});
      |                          ^
[ 58%] Linking CXX executable scaleli_hardness
[ 58%] Built target scaleli_hardness
[ 66%] Building CXX object experimental/scaleli/CMakeFiles/scaleli_example.dir/examples/basic.cpp.o
[ 75%] Linking CXX executable scaleli_bench
[ 75%] Built target scaleli_bench
[ 83%] Linking CXX executable scaleli_hardness_tests
[ 83%] Built target scaleli_hardness_tests
1 warning generated.
[ 91%] Linking CXX executable scaleli_tests
[ 91%] Built target scaleli_tests
[100%] Linking CXX executable scaleli_example
[100%] Built target scaleli_example
cmake --build /Users/louisvasseur/Downloads/scaleli_sota/build-verify-final    14.32s user 0.90s system 326% cpu 4.668 total
